Archive member included to satisfy reference by file (symbol)

c:/users/wyx12/documents/environment/gcc-arm-none-eabi-9-2020-q2-update-win32/bin/../lib/gcc/arm-none-eabi/9.3.1/thumb/v7e-m/nofp\libgcc.a(_arm_muldf3.o)
                              CMakeFiles/app.elf.dir/usr/src/App.c.obj (__aeabi_dmul)
c:/users/wyx12/documents/environment/gcc-arm-none-eabi-9-2020-q2-update-win32/bin/../lib/gcc/arm-none-eabi/9.3.1/thumb/v7e-m/nofp\libgcc.a(_arm_addsubdf3.o)
                              CMakeFiles/app.elf.dir/usr/src/App.c.obj (__aeabi_dsub)
c:/users/wyx12/documents/environment/gcc-arm-none-eabi-9-2020-q2-update-win32/bin/../lib/gcc/arm-none-eabi/9.3.1/thumb/v7e-m/nofp\libgcc.a(_arm_muldivdf3.o)
                              CMakeFiles/app.elf.dir/usr/src/App.c.obj (__aeabi_ddiv)
c:/users/wyx12/documents/environment/gcc-arm-none-eabi-9-2020-q2-update-win32/bin/../lib/gcc/arm-none-eabi/9.3.1/thumb/v7e-m/nofp\libgcc.a(_arm_cmpdf2.o)
                              CMakeFiles/app.elf.dir/lora/radio/sx126x/radio.c.obj (__aeabi_dcmpge)
c:/users/wyx12/documents/environment/gcc-arm-none-eabi-9-2020-q2-update-win32/bin/../lib/gcc/arm-none-eabi/9.3.1/thumb/v7e-m/nofp\libgcc.a(_arm_fixunsdfsi.o)
                              CMakeFiles/app.elf.dir/lora/radio/sx126x/radio.c.obj (__aeabi_d2uiz)
c:/users/wyx12/documents/environment/gcc-arm-none-eabi-9-2020-q2-update-win32/bin/../lib/gcc/arm-none-eabi/9.3.1/thumb/v7e-m/nofp\libgcc.a(_arm_truncdfsf2.o)
                              CMakeFiles/app.elf.dir/usr/src/App.c.obj (__aeabi_d2f)
c:/users/wyx12/documents/environment/gcc-arm-none-eabi-9-2020-q2-update-win32/bin/../lib/gcc/arm-none-eabi/9.3.1/thumb/v7e-m/nofp\libgcc.a(_aeabi_uldivmod.o)
                              CMakeFiles/app.elf.dir/lora/system/timer.c.obj (__aeabi_uldivmod)
c:/users/wyx12/documents/environment/gcc-arm-none-eabi-9-2020-q2-update-win32/bin/../lib/gcc/arm-none-eabi/9.3.1/thumb/v7e-m/nofp\libgcc.a(_fixunsdfdi.o)
                              CMakeFiles/app.elf.dir/lora/driver/rtc-board.c.obj (__aeabi_d2ulz)
c:/users/wyx12/documents/environment/gcc-arm-none-eabi-9-2020-q2-update-win32/bin/../lib/gcc/arm-none-eabi/9.3.1/thumb/v7e-m/nofp\libgcc.a(_udivmoddi4.o)
                              c:/users/wyx12/documents/environment/gcc-arm-none-eabi-9-2020-q2-update-win32/bin/../lib/gcc/arm-none-eabi/9.3.1/thumb/v7e-m/nofp\libgcc.a(_aeabi_uldivmod.o) (__udivmoddi4)
c:/users/wyx12/documents/environment/gcc-arm-none-eabi-9-2020-q2-update-win32/bin/../lib/gcc/arm-none-eabi/9.3.1/thumb/v7e-m/nofp\libgcc.a(_dvmd_tls.o)
                              c:/users/wyx12/documents/environment/gcc-arm-none-eabi-9-2020-q2-update-win32/bin/../lib/gcc/arm-none-eabi/9.3.1/thumb/v7e-m/nofp\libgcc.a(_aeabi_uldivmod.o) (__aeabi_ldiv0)
c:/users/wyx12/documents/environment/gcc-arm-none-eabi-9-2020-q2-update-win32/bin/../lib/gcc/arm-none-eabi/9.3.1/../../../../arm-none-eabi/lib/thumb/v7e-m/nofp\libc.a(lib_a-exit.o)
                              c:/users/wyx12/documents/environment/gcc-arm-none-eabi-9-2020-q2-update-win32/bin/../lib/gcc/arm-none-eabi/9.3.1/../../../../arm-none-eabi/lib/thumb/v7e-m/nofp/crt0.o (exit)
c:/users/wyx12/documents/environment/gcc-arm-none-eabi-9-2020-q2-update-win32/bin/../lib/gcc/arm-none-eabi/9.3.1/../../../../arm-none-eabi/lib/thumb/v7e-m/nofp\libc.a(lib_a-impure.o)
                              c:/users/wyx12/documents/environment/gcc-arm-none-eabi-9-2020-q2-update-win32/bin/../lib/gcc/arm-none-eabi/9.3.1/../../../../arm-none-eabi/lib/thumb/v7e-m/nofp\libc.a(lib_a-exit.o) (_global_impure_ptr)
c:/users/wyx12/documents/environment/gcc-arm-none-eabi-9-2020-q2-update-win32/bin/../lib/gcc/arm-none-eabi/9.3.1/../../../../arm-none-eabi/lib/thumb/v7e-m/nofp\libc.a(lib_a-init.o)
                              c:/users/wyx12/documents/environment/gcc-arm-none-eabi-9-2020-q2-update-win32/bin/../lib/gcc/arm-none-eabi/9.3.1/../../../../arm-none-eabi/lib/thumb/v7e-m/nofp/crt0.o (__libc_init_array)
c:/users/wyx12/documents/environment/gcc-arm-none-eabi-9-2020-q2-update-win32/bin/../lib/gcc/arm-none-eabi/9.3.1/../../../../arm-none-eabi/lib/thumb/v7e-m/nofp\libc.a(lib_a-memcpy.o)
                              CMakeFiles/app.elf.dir/usr/src/sx126x_Init.c.obj (memcpy)
c:/users/wyx12/documents/environment/gcc-arm-none-eabi-9-2020-q2-update-win32/bin/../lib/gcc/arm-none-eabi/9.3.1/../../../../arm-none-eabi/lib/thumb/v7e-m/nofp\libc.a(lib_a-memset.o)
                              c:/users/wyx12/documents/environment/gcc-arm-none-eabi-9-2020-q2-update-win32/bin/../lib/gcc/arm-none-eabi/9.3.1/../../../../arm-none-eabi/lib/thumb/v7e-m/nofp/crt0.o (memset)
c:/users/wyx12/documents/environment/gcc-arm-none-eabi-9-2020-q2-update-win32/bin/../lib/gcc/arm-none-eabi/9.3.1/../../../../arm-none-eabi/lib/thumb/v7e-m/nofp\libc.a(lib_a-__call_atexit.o)
[...]
Memory Configuration

Name             Origin             Length             Attributes
FLASH            0x08000000         0x00020000         xr
RAM              0x20000000         0x00004000         xrw
*default*        0x00000000         0xffffffff

Linker script and memory map

LOAD c:/users/wyx12/documents/environment/gcc-arm-none-eabi-9-2020-q2-update-win32/bin/../lib/gcc/arm-none-eabi/9.3.1/thumb/v7e-m/nofp/crti.o
LOAD c:/users/wyx12/documents/environment/gcc-arm-none-eabi-9-2020-q2-update-win32/bin/../lib/gcc/arm-none-eabi/9.3.1/thumb/v7e-m/nofp/crtbegin.o
LOAD c:/users/wyx12/documents/environment/gcc-arm-none-eabi-9-2020-q2-update-win32/bin/../lib/gcc/arm-none-eabi/9.3.1/../../../../arm-none-eabi/lib/thumb/v7e-m/nofp/crt0.o
LOAD CMakeFiles/app.elf.dir/usr/src/App.c.obj
LOAD CMakeFiles/app.elf.dir/usr/src/System_Initial.c.obj
LOAD CMakeFiles/app.elf.dir/usr/src/main.c.obj
LOAD CMakeFiles/app.elf.dir/usr/src/sx126x_Init.c.obj
LOAD CMakeFiles/app.elf.dir/usr/src/tremo_it.c.obj
LOAD CMakeFiles/app.elf.dir/drivers/peripheral/src/tremo_adc.c.obj
LOAD CMakeFiles/app.elf.dir/drivers/peripheral/src/tremo_bstimer.c.obj
LOAD CMakeFiles/app.elf.dir/drivers/peripheral/src/tremo_crc.c.obj
LOAD CMakeFiles/app.elf.dir/drivers/peripheral/src/tremo_dac.c.obj
LOAD CMakeFiles/app.elf.dir/drivers/peripheral/src/tremo_delay.c.obj
LOAD CMakeFiles/app.elf.dir/drivers/peripheral/src/tremo_dma.c.obj
LOAD CMakeFiles/app.elf.dir/drivers/peripheral/src/tremo_flash.c.obj
LOAD CMakeFiles/app.elf.dir/drivers/peripheral/src/tremo_gpio.c.obj
LOAD CMakeFiles/app.elf.dir/drivers/peripheral/src/tremo_i2c.c.obj
LOAD CMakeFiles/app.elf.dir/drivers/peripheral/src/tremo_i2s.c.obj
LOAD CMakeFiles/app.elf.dir/drivers/peripheral/src/tremo_iwdg.c.obj
LOAD CMakeFiles/app.elf.dir/drivers/peripheral/src/tremo_lcd.c.obj
LOAD CMakeFiles/app.elf.dir/drivers/peripheral/src/tremo_lptimer.c.obj
LOAD CMakeFiles/app.elf.dir/drivers/peripheral/src/tremo_lpuart.c.obj
LOAD CMakeFiles/app.elf.dir/drivers/peripheral/src/tremo_pwr.c.obj
LOAD CMakeFiles/app.elf.dir/drivers/peripheral/src/tremo_rcc.c.obj
LOAD CMakeFiles/app.elf.dir/drivers/peripheral/src/tremo_rtc.c.obj
LOAD CMakeFiles/app.elf.dir/drivers/peripheral/src/tremo_spi.c.obj
LOAD CMakeFiles/app.elf.dir/drivers/peripheral/src/tremo_system.c.obj
LOAD CMakeFiles/app.elf.dir/drivers/peripheral/src/tremo_timer.c.obj
LOAD CMakeFiles/app.elf.dir/drivers/peripheral/src/tremo_uart.c.obj
LOAD CMakeFiles/app.elf.dir/drivers/peripheral/src/tremo_wdg.c.obj
LOAD CMakeFiles/app.elf.dir/platform/system/startup_cm4.S.obj
LOAD CMakeFiles/app.elf.dir/platform/system/system_cm4.c.obj
LOAD CMakeFiles/app.elf.dir/lora/driver/rtc-board.c.obj
LOAD CMakeFiles/app.elf.dir/lora/driver/sx1262-board.c.obj
LOAD CMakeFiles/app.elf.dir/lora/driver/utilities.c.obj
LOAD CMakeFiles/app.elf.dir/lora/radio/sx126x/radio.c.obj
LOAD CMakeFiles/app.elf.dir/lora/radio/sx126x/sx126x.c.obj
LOAD CMakeFiles/app.elf.dir/lora/system/delay.c.obj
LOAD CMakeFiles/app.elf.dir/lora/system/timer.c.obj
START GROUP
LOAD c:/users/wyx12/documents/environment/gcc-arm-none-eabi-9-2020-q2-update-win32/bin/../lib/gcc/arm-none-eabi/9.3.1/thumb/v7e-m/nofp\libgcc.a
LOAD c:/users/wyx12/documents/environment/gcc-arm-none-eabi-9-2020-q2-update-win32/bin/../lib/gcc/arm-none-eabi/9.3.1/../../../../arm-none-eabi/lib/thumb/v7e-m/nofp\libc.a
END GROUP
LOAD c:/users/wyx12/documents/environment/gcc-arm-none-eabi-9-2020-q2-update-win32/bin/../lib/gcc/arm-none-eabi/9.3.1/thumb/v7e-m/nofp/crtend.o
LOAD c:/users/wyx12/documents/environment/gcc-arm-none-eabi-9-2020-q2-update-win32/bin/../lib/gcc/arm-none-eabi/9.3.1/thumb/v7e-m/nofp/crtn.o
                0x20004000                _estack = 0x20004000
                0x00000000                _HEAP_SIZE = 0x0
                0x00001000                _STACK_SIZE = 0x1000

.isr_vector     0x08000000       0xd4
                0x08000000                . = ALIGN (0x4)
 *(.isr_vector)
 .isr_vector    0x08000000       0xd4 CMakeFiles/app.elf.dir/platform/system/startup_cm4.S.obj
                0x08000000                g_pfnVectors
                0x080000d4                . = ALIGN (0x4)

.text           0x080000d8     0x4740
                0x080000d8                . = ALIGN (0x4)
 *(.text)
 .text          0x080000d8       0x40 c:/users/wyx12/documents/environment/gcc-arm-none-eabi-9-2020-q2-update-win32/bin/../lib/gcc/arm-none-eabi/9.3.1/thumb/v7e-m/nofp/crtbegin.o
 .text          0x08000118      0x378 c:/users/wyx12/documents/environment/gcc-arm-none-eabi-9-2020-q2-update-win32/bin/../lib/gcc/arm-none-eabi/9.3.1/thumb/v7e-m/nofp\libgcc.a(_arm_addsubdf3.o)
                0x08000118                __aeabi_drsub
                0x08000120                __aeabi_dsub
                0x08000120                __subdf3
                0x08000124                __aeabi_dadd
                0x08000124                __adddf3
                0x0800039c                __floatunsidf
                0x0800039c                __aeabi_ui2d
                0x080003bc                __floatsidf
                0x080003bc                __aeabi_i2d
                0x080003e0                __aeabi_f2d
                0x080003e0                __extendsfdf2
                0x08000424                __floatundidf
                0x08000424                __aeabi_ul2d
                0x08000434                __floatdidf
                0x08000434                __aeabi_l2d
 .text          0x08000490      0x424 c:/users/wyx12/documents/environment/gcc-arm-none-eabi-9-2020-q2-update-win32/bin/../lib/gcc/arm-none-eabi/9.3.1/thumb/v7e-m/nofp\libgcc.a(_arm_muldivdf3.o)
                0x08000490                __aeabi_dmul
                0x08000490                __muldf3
                0x080006e4                __divdf3
                0x080006e4                __aeabi_ddiv
 .text          0x080008b4      0x110 c:/users/wyx12/documents/environment/gcc-arm-none-eabi-9-2020-q2-update-win32/bin/../lib/gcc/arm-none-eabi/9.3.1/thumb/v7e-m/nofp\libgcc.a(_arm_cmpdf2.o)
                0x080008b4                __gtdf2
                0x080008b4                __gedf2
                0x080008bc                __ltdf2
                0x080008bc                __ledf2
                0x080008c4                __nedf2
                0x080008c4                __eqdf2
                0x080008c4                __cmpdf2
                0x08000940                __aeabi_cdrcmple
                0x08000950                __aeabi_cdcmpeq
                0x08000950                __aeabi_cdcmple
                0x08000960                __aeabi_dcmpeq
                0x08000974                __aeabi_dcmplt
                0x08000988                __aeabi_dcmple
                0x0800099c                __aeabi_dcmpge
                0x080009b0                __aeabi_dcmpgt
 .text          0x080009c4       0x40 c:/users/wyx12/documents/environment/gcc-arm-none-eabi-9-2020-q2-update-win32/bin/../lib/gcc/arm-none-eabi/9.3.1/thumb/v7e-m/nofp\libgcc.a(_arm_fixunsdfsi.o)
                0x080009c4                __aeabi_d2uiz
                0x080009c4                __fixunsdfsi
 .text          0x08000a04       0xa0 c:/users/wyx12/documents/environment/gcc-arm-none-eabi-9-2020-q2-update-win32/bin/../lib/gcc/arm-none-eabi/9.3.1/thumb/v7e-m/nofp\libgcc.a(_arm_truncdfsf2.o)
                0x08000a04                __truncdfsf2
                0x08000a04                __aeabi_d2f
 .text          0x08000aa4       0x3c c:/users/wyx12/documents/environment/gcc-arm-none-eabi-9-2020-q2-update-win32/bin/../lib/gcc/arm-none-eabi/9.3.1/thumb/v7e-m/nofp\libgcc.a(_fixunsdfdi.o)
                0x08000aa4                __fixunsdfdi
                0x08000aa4                __aeabi_d2ulz
 .text          0x08000ae0      0x134 c:/users/wyx12/documents/environment/gcc-arm-none-eabi-9-2020-q2-update-win32/bin/../lib/gcc/arm-none-eabi/9.3.1/../../../../arm-none-eabi/lib/thumb/v7e-m/nofp\libc.a(lib_a-memcpy.o)
                0x08000ae0                memcpy
 .text          0x08000c14       0x2c c:/users/wyx12/documents/environment/gcc-arm-none-eabi-9-2020-q2-update-win32/bin/../lib/gcc/arm-none-eabi/9.3.1/thumb/v7e-m/nofp\libgcc.a(_arm_unorddf2.o)
                0x08000c14                __unorddf2
                0x08000c14                __aeabi_dcmpun
 *(.text*)
 .text.Get_NTC_Temp
                0x08000c40      0x1f8 CMakeFiles/app.elf.dir/usr/src/App.c.obj
                0x08000c40                Get_NTC_Temp
 .text.Protocol_Crc16
                0x08000e38       0x30 CMakeFiles/app.elf.dir/usr/src/App.c.obj
                0x08000e38                Protocol_Crc16
 .text.Gpio_init
                0x08000e68       0x44 CMakeFiles/app.elf.dir/usr/src/System_Initial.c.obj
                0x08000e68                Gpio_init
 .text.iwdog_init
                0x08000eac       0x26 CMakeFiles/app.elf.dir/usr/src/System_Initial.c.obj
                0x08000eac                iwdog_init
 *fill*         0x08000ed2        0x2 
 .text.Adc_init
                0x08000ed4       0x4c CMakeFiles/app.elf.dir/usr/src/System_Initial.c.obj
                0x08000ed4                Adc_init
 .text.board_init
                0x08000f20       0x80 CMakeFiles/app.elf.dir/usr/src/System_Initial.c.obj
                0x08000f20                board_init
 .text.startup.main
                0x08000fa0      0x100 CMakeFiles/app.elf.dir/usr/src/main.c.obj
                0x08000fa0                main
 .text.OnTxDone
                0x080010a0       0x18 CMakeFiles/app.elf.dir/usr/src/sx126x_Init.c.obj
                0x080010a0                OnTxDone
 .text.OnTxTimeout
                0x080010b8       0x18 CMakeFiles/app.elf.dir/usr/src/sx126x_Init.c.obj
                0x080010b8                OnTxTimeout
 .text.OnRxTimeout
                0x080010d0       0x18 CMakeFiles/app.elf.dir/usr/src/sx126x_Init.c.obj
                0x080010d0                OnRxTimeout
 .text.OnRxError
                0x080010e8       0x18 CMakeFiles/app.elf.dir/usr/src/sx126x_Init.c.obj
                0x080010e8                OnRxError
 .text.OnRxDone
                0x08001100       0x3c CMakeFiles/app.elf.dir/usr/src/sx126x_Init.c.obj
                0x08001100                OnRxDone
 .text.LoRa_Init
                0x0800113c       0xb8 CMakeFiles/app.elf.dir/usr/src/sx126x_Init.c.obj
                0x0800113c                LoRa_Init
 .text.Radio_Send
                0x080011f4       0x34 CMakeFiles/app.elf.dir/usr/src/sx126x_Init.c.obj
                0x080011f4                Radio_Send
 .text.NMI_Handler
                0x08001228        0x2 CMakeFiles/app.elf.dir/usr/src/tremo_it.c.obj
                0x08001228                NMI_Handler
 .text.HardFault_Handler
                0x0800122a        0x2 CMakeFiles/app.elf.dir/usr/src/tremo_it.c.obj
                0x0800122a                HardFault_Handler
 .text.MemManage_Handler
                0x0800122c        0x2 CMakeFiles/app.elf.dir/usr/src/tremo_it.c.obj
                0x0800122c                MemManage_Handler
 .text.BusFault_Handler
                0x0800122e        0x2 CMakeFiles/app.elf.dir/usr/src/tremo_it.c.obj
                0x0800122e                BusFault_Handler
 .text.UsageFault_Handler
                0x08001230        0x2 CMakeFiles/app.elf.dir/usr/src/tremo_it.c.obj
                0x08001230                UsageFault_Handler
 .text.SVC_Handler
                0x08001232        0x2 CMakeFiles/app.elf.dir/usr/src/tremo_it.c.obj
                0x08001232                SVC_Handler
 .text.PendSV_Handler
                0x08001234        0x2 CMakeFiles/app.elf.dir/usr/src/tremo_it.c.obj
                0x08001234                PendSV_Handler
 .text.SysTick_Handler
                0x08001236        0x2 CMakeFiles/app.elf.dir/usr/src/tremo_it.c.obj
                0x08001236                SysTick_Handler
 .text.PWR_IRQHandler
                0x08001238        0x2 CMakeFiles/app.elf.dir/usr/src/tremo_it.c.obj
                0x08001238                PWR_IRQHandler
 .text.LORA_IRQHandler
                0x0800123a        0x4 CMakeFiles/app.elf.dir/usr/src/tremo_it.c.obj
                0x0800123a                LORA_IRQHandler
 .text.RTC_IRQHandler
                0x0800123e        0x4 CMakeFiles/app.elf.dir/usr/src/tremo_it.c.obj
                0x0800123e                RTC_IRQHandler
 *fill*         0x08001242        0x2 
 .text.read_write_adc_afec
                0x08001244       0x34 CMakeFiles/app.elf.dir/drivers/peripheral/src/tremo_adc.c.obj
                0x08001244                read_write_adc_afec
 .text.adc_init
                0x08001278       0x18 CMakeFiles/app.elf.dir/drivers/peripheral/src/tremo_adc.c.obj
                0x08001278                adc_init
 .text.adc_start
                0x08001290       0x2c CMakeFiles/app.elf.dir/drivers/peripheral/src/tremo_adc.c.obj
                0x08001290                adc_start
 .text.adc_enable
                0x080012bc       0x28 CMakeFiles/app.elf.dir/drivers/peripheral/src/tremo_adc.c.obj
                0x080012bc                adc_enable
 .text.adc_config_clock_division
                0x080012e4       0x20 CMakeFiles/app.elf.dir/drivers/peripheral/src/tremo_adc.c.obj
                0x080012e4                adc_config_clock_division
 .text.adc_config_conv_mode
                0x08001304       0x18 CMakeFiles/app.elf.dir/drivers/peripheral/src/tremo_adc.c.obj
                0x08001304                adc_config_conv_mode
 .text.adc_config_sample_sequence
                0x0800131c       0x2c CMakeFiles/app.elf.dir/drivers/peripheral/src/tremo_adc.c.obj
                0x0800131c                adc_config_sample_sequence
 .text.adc_get_interrupt_status
                0x08001348       0x14 CMakeFiles/app.elf.dir/drivers/peripheral/src/tremo_adc.c.obj
                0x08001348                adc_get_interrupt_status
 .text.adc_get_data
                0x0800135c       0x10 CMakeFiles/app.elf.dir/drivers/peripheral/src/tremo_adc.c.obj
                0x0800135c                adc_get_data
 .text.adc_get_calibration_value
                0x0800136c       0x78 CMakeFiles/app.elf.dir/drivers/peripheral/src/tremo_adc.c.obj
                0x0800136c                adc_get_calibration_value
 .text.delay_init
                0x080013e4       0x48 CMakeFiles/app.elf.dir/drivers/peripheral/src/tremo_delay.c.obj
                0x080013e4                delay_init
 .text.delay_us
                0x0800142c       0x30 CMakeFiles/app.elf.dir/drivers/peripheral/src/tremo_delay.c.obj
                0x0800142c                delay_us
 .text.delay_ms
                0x0800145c        0xa CMakeFiles/app.elf.dir/drivers/peripheral/src/tremo_delay.c.obj
                0x0800145c                delay_ms
 *fill*         0x08001466        0x2 
 .text.gpio_init
                0x08001468      0x124 CMakeFiles/app.elf.dir/drivers/peripheral/src/tremo_gpio.c.obj
                0x08001468                gpio_init
 .text.gpio_write
                0x0800158c       0xb4 CMakeFiles/app.elf.dir/drivers/peripheral/src/tremo_gpio.c.obj
                0x0800158c                gpio_write
 .text.gpio_set_iomux
                0x08001640       0x40 CMakeFiles/app.elf.dir/drivers/peripheral/src/tremo_gpio.c.obj
                0x08001640                gpio_set_iomux
 .text.check_iwdg_sr_done
                0x08001680       0x14 CMakeFiles/app.elf.dir/drivers/peripheral/src/tremo_iwdg.c.obj
 .text.iwdg_init
                0x08001694       0x4c CMakeFiles/app.elf.dir/drivers/peripheral/src/tremo_iwdg.c.obj
                0x08001694                iwdg_init
 .text.iwdg_set_prescaler
                0x080016e0       0x18 CMakeFiles/app.elf.dir/drivers/peripheral/src/tremo_iwdg.c.obj
                0x080016e0                iwdg_set_prescaler
 .text.iwdg_set_reload
                0x080016f8       0x1c CMakeFiles/app.elf.dir/drivers/peripheral/src/tremo_iwdg.c.obj
                0x080016f8                iwdg_set_reload
 .text.iwdg_reload
                0x08001714       0x20 CMakeFiles/app.elf.dir/drivers/peripheral/src/tremo_iwdg.c.obj
                0x08001714                iwdg_reload
 .text.iwdg_start
                0x08001734       0x1c CMakeFiles/app.elf.dir/drivers/peripheral/src/tremo_iwdg.c.obj
                0x08001734                iwdg_start
 .text.deepsleep
                0x08001750       0xc0 CMakeFiles/app.elf.dir/drivers/peripheral/src/tremo_pwr.c.obj
                0x08001750                deepsleep
 .text.pwr_deepsleep_wfi
                0x08001810        0x6 CMakeFiles/app.elf.dir/drivers/peripheral/src/tremo_pwr.c.obj
                0x08001810                pwr_deepsleep_wfi
 *fill*         0x08001816        0x2 
 .text.rcc_get_clk_freq
                0x08001818       0x9c CMakeFiles/app.elf.dir/drivers/peripheral/src/tremo_rcc.c.obj
                0x08001818                rcc_get_clk_freq
 .text.rcc_set_adc_clk_source
                0x080018b4       0x28 CMakeFiles/app.elf.dir/drivers/peripheral/src/tremo_rcc.c.obj
                0x080018b4                rcc_set_adc_clk_source
 .text.rcc_get_rtc_clk_source
                0x080018dc        0xc CMakeFiles/app.elf.dir/drivers/peripheral/src/tremo_rcc.c.obj
                0x080018dc                rcc_get_rtc_clk_source
 .text.rcc_enable_peripheral_clk
                0x080018e8      0x4b4 CMakeFiles/app.elf.dir/drivers/peripheral/src/tremo_rcc.c.obj
                0x080018e8                rcc_enable_peripheral_clk
 .text.rcc_enable_oscillator
                0x08001d9c       0xfc CMakeFiles/app.elf.dir/drivers/peripheral/src/tremo_rcc.c.obj
                0x08001d9c                rcc_enable_oscillator
 .text.rcc_rst_peripheral
                0x08001e98       0x4a CMakeFiles/app.elf.dir/drivers/peripheral/src/tremo_rcc.c.obj
                0x08001e98                rcc_rst_peripheral
 *fill*         0x08001ee2        0x2 
 .text.rtc_check_syn
                0x08001ee4       0x14 CMakeFiles/app.elf.dir/drivers/peripheral/src/tremo_rtc.c.obj
                0x08001ee4                rtc_check_syn
 .text.rtc_calendar_cmd
                0x08001ef8       0x20 CMakeFiles/app.elf.dir/drivers/peripheral/src/tremo_rtc.c.obj
                0x08001ef8                rtc_calendar_cmd
 .text.rtc_alarm_cmd
                0x08001f18       0x3c CMakeFiles/app.elf.dir/drivers/peripheral/src/tremo_rtc.c.obj
                0x08001f18                rtc_alarm_cmd
 .text.rtc_config_alarm_wakeup
                0x08001f54       0x30 CMakeFiles/app.elf.dir/drivers/peripheral/src/tremo_rtc.c.obj
                0x08001f54                rtc_config_alarm_wakeup
 .text.rtc_cyc_cmd
                0x08001f84       0x20 CMakeFiles/app.elf.dir/drivers/peripheral/src/tremo_rtc.c.obj
                0x08001f84                rtc_cyc_cmd
 .text.rtc_config_cyc_wakeup
                0x08001fa4       0x24 CMakeFiles/app.elf.dir/drivers/peripheral/src/tremo_rtc.c.obj
                0x08001fa4                rtc_config_cyc_wakeup
 .text.rtc_set_calendar
                0x08001fc8       0xc4 CMakeFiles/app.elf.dir/drivers/peripheral/src/tremo_rtc.c.obj
                0x08001fc8                rtc_set_calendar
 .text.rtc_get_calendar
                0x0800208c       0xdc CMakeFiles/app.elf.dir/drivers/peripheral/src/tremo_rtc.c.obj
                0x0800208c                rtc_get_calendar
 .text.rtc_set_status
                0x08002168       0x30 CMakeFiles/app.elf.dir/drivers/peripheral/src/tremo_rtc.c.obj
                0x08002168                rtc_set_status
 .text.rtc_get_status
                0x08002198       0x38 CMakeFiles/app.elf.dir/drivers/peripheral/src/tremo_rtc.c.obj
                0x08002198                rtc_get_status
 .text.rtc_config_interrupt
                0x080021d0       0x38 CMakeFiles/app.elf.dir/drivers/peripheral/src/tremo_rtc.c.obj
                0x080021d0                rtc_config_interrupt
 .text.rtc_set_alarm
                0x08002208      0x1f4 CMakeFiles/app.elf.dir/drivers/peripheral/src/tremo_rtc.c.obj
                0x08002208                rtc_set_alarm
 .text.rtc_config_cyc_max
                0x080023fc       0x14 CMakeFiles/app.elf.dir/drivers/peripheral/src/tremo_rtc.c.obj
                0x080023fc                rtc_config_cyc_max
 .text.Reset_Handler
                0x08002410       0x48 CMakeFiles/app.elf.dir/platform/system/startup_cm4.S.obj
                0x08002410                Reset_Handler
 .text.Default_Handler
                0x08002458        0x2 CMakeFiles/app.elf.dir/platform/system/startup_cm4.S.obj
                0x08002458                GPIO_IRQHandler
                0x08002458                SCC_IRQHandler
                0x08002458                TIMER2_IRQHandler
                0x08002458                EFC_IRQHandler
                0x08002458                I2C0_IRQHandler
                0x08002458                SAC_IRQHandler
                0x08002458                I2C1_IRQHandler
                0x08002458                UART1_IRQHandler
                0x08002458                BSTIMER0_IRQHandler
                0x08002458                TIMER3_IRQHandler
                0x08002458                UART0_IRQHandler
                0x08002458                SEC_IRQHandler
                0x08002458                WDG_IRQHandler
                0x08002458                LPTIMER1_IRQHandler
                0x08002458                LPTIMER0_IRQHandler
                0x08002458                SSP0_IRQHandler
                0x08002458                I2S_IRQHandler
                0x08002458                I2C2_IRQHandler
                0x08002458                TIMER0_IRQHandler
                0x08002458                LCD_IRQHandler
                0x08002458                LPUART_IRQHandler
                0x08002458                TIMER1_IRQHandler
                0x08002458                UART2_IRQHandler
                0x08002458                Default_Handler
                0x08002458                ADC_IRQHandler
                0x08002458                SSP1_IRQHandler
                0x08002458                DMA0_IRQHandler
                0x08002458                IWDG_IRQHandler
                0x08002458                SSP2_IRQHandler
                0x08002458                BSTIMER1_IRQHandler
                0x08002458                DAC_IRQHandler
                0x08002458                AFEC_IRQHandler
                0x08002458                UART3_IRQHandler
                0x08002458                QSPI_IRQHandler
                0x08002458                DMA1_IRQHandler
 *fill*         0x0800245a        0x2 
 .text.nvic_init
                0x0800245c       0x24 CMakeFiles/app.elf.dir/platform/system/system_cm4.c.obj
                0x0800245c                nvic_init
 .text.system_init
                0x08002480       0x44 CMakeFiles/app.elf.dir/platform/system/system_cm4.c.obj
                0x08002480                system_init
 .text.RtcSetTimeout
                0x080024c4       0x70 CMakeFiles/app.elf.dir/lora/driver/rtc-board.c.obj
                0x080024c4                RtcSetTimeout
 .text.RtcStopTimeout
                0x08002534       0x14 CMakeFiles/app.elf.dir/lora/driver/rtc-board.c.obj
                0x08002534                RtcStopTimeout
 .text.RtcGetTimerContext
                0x08002548        0xc CMakeFiles/app.elf.dir/lora/driver/rtc-board.c.obj
                0x08002548                RtcGetTimerContext
 .text.RtcGetTimerValue
                0x08002554      0x120 CMakeFiles/app.elf.dir/lora/driver/rtc-board.c.obj
                0x08002554                RtcGetTimerValue
 .text.RtcSetTimerContext
                0x08002674       0x18 CMakeFiles/app.elf.dir/lora/driver/rtc-board.c.obj
                0x08002674                RtcSetTimerContext
 .text.RtcGetElapsedTime
                0x0800268c       0x18 CMakeFiles/app.elf.dir/lora/driver/rtc-board.c.obj
                0x0800268c                RtcGetElapsedTime
 .text.rtc_alarm_wakeup
                0x080026a4       0x84 CMakeFiles/app.elf.dir/lora/driver/rtc-board.c.obj
                0x080026a4                rtc_alarm_wakeup
 .text.rtc_IRQHandler
                0x08002728       0x2c CMakeFiles/app.elf.dir/lora/driver/rtc-board.c.obj
                0x08002728                rtc_IRQHandler
 .text.BoardDisableIrq
                0x08002754        0x4 CMakeFiles/app.elf.dir/lora/driver/sx1262-board.c.obj
                0x08002754                BoardDisableIrq
 .text.BoardEnableIrq
                0x08002758        0x4 CMakeFiles/app.elf.dir/lora/driver/sx1262-board.c.obj
                0x08002758                BoardEnableIrq
 .text.SpiInOut
                0x0800275c       0x18 CMakeFiles/app.elf.dir/lora/driver/sx1262-board.c.obj
                0x0800275c                SpiInOut
 .text.SX126xLoracInit
                0x08002774       0x7c CMakeFiles/app.elf.dir/lora/driver/sx1262-board.c.obj
                0x08002774                SX126xLoracInit
 .text.SX126xGetBoardTcxoWakeupTime
                0x080027f0        0x4 CMakeFiles/app.elf.dir/lora/driver/sx1262-board.c.obj
                0x080027f0                SX126xGetBoardTcxoWakeupTime
 .text.SX126xReset
                0x080027f4       0x54 CMakeFiles/app.elf.dir/lora/driver/sx1262-board.c.obj
                0x080027f4                SX126xReset
 .text.SX126xWaitOnBusy
                0x08002848       0x18 CMakeFiles/app.elf.dir/lora/driver/sx1262-board.c.obj
                0x08002848                SX126xWaitOnBusy
 .text.SX126xWakeup
                0x08002860       0x30 CMakeFiles/app.elf.dir/lora/driver/sx1262-board.c.obj
                0x08002860                SX126xWakeup
 .text.SX126xWriteCommand
                0x08002890       0x44 CMakeFiles/app.elf.dir/lora/driver/sx1262-board.c.obj
                0x08002890                SX126xWriteCommand
 .text.SX126xReadCommand
                0x080028d4       0x48 CMakeFiles/app.elf.dir/lora/driver/sx1262-board.c.obj
                0x080028d4                SX126xReadCommand
 .text.SX126xWriteRegisters
                0x0800291c       0x48 CMakeFiles/app.elf.dir/lora/driver/sx1262-board.c.obj
                0x0800291c                SX126xWriteRegisters
 .text.SX126xWriteRegister
                0x08002964       0x16 CMakeFiles/app.elf.dir/lora/driver/sx1262-board.c.obj
                0x08002964                SX126xWriteRegister
 *fill*         0x0800297a        0x2 
 .text.SX126xReadRegisters
                0x0800297c       0x50 CMakeFiles/app.elf.dir/lora/driver/sx1262-board.c.obj
                0x0800297c                SX126xReadRegisters
 .text.SX126xReadRegister
                0x080029cc       0x16 CMakeFiles/app.elf.dir/lora/driver/sx1262-board.c.obj
                0x080029cc                SX126xReadRegister
 *fill*         0x080029e2        0x2 
 .text.SX126xWriteBuffer
                0x080029e4       0x48 CMakeFiles/app.elf.dir/lora/driver/sx1262-board.c.obj
                0x080029e4                SX126xWriteBuffer
 .text.SX126xReadBuffer
                0x08002a2c       0x50 CMakeFiles/app.elf.dir/lora/driver/sx1262-board.c.obj
                0x08002a2c                SX126xReadBuffer
 .text.SX126xSetRfTxPower
                0x08002a7c        0x6 CMakeFiles/app.elf.dir/lora/driver/sx1262-board.c.obj
                0x08002a7c                SX126xSetRfTxPower
 .text.SX126xGetPaSelect
                0x08002a82        0x4 CMakeFiles/app.elf.dir/lora/driver/sx1262-board.c.obj
                0x08002a82                SX126xGetPaSelect
 *fill*         0x08002a86        0x2 
 .text.SX126xAntSwOn
                0x08002a88       0x10 CMakeFiles/app.elf.dir/lora/driver/sx1262-board.c.obj
                0x08002a88                SX126xAntSwOn
 .text.SX126xAntSwOff
                0x08002a98       0x10 CMakeFiles/app.elf.dir/lora/driver/sx1262-board.c.obj
                0x08002a98                SX126xAntSwOff
 .text.rand1    0x08002aa8       0x28 CMakeFiles/app.elf.dir/lora/driver/utilities.c.obj
                0x08002aa8                rand1
 .text.RadioCheckRfFrequency
                0x08002ad0        0x4 CMakeFiles/app.elf.dir/lora/radio/sx126x/radio.c.obj
                0x08002ad0                RadioCheckRfFrequency
 .text.RadioStandby
                0x08002ad4        0x6 CMakeFiles/app.elf.dir/lora/radio/sx126x/radio.c.obj
                0x08002ad4                RadioStandby
 *fill*         0x08002ada        0x2 
 .text.RadioInit
                0x08002adc       0x3c CMakeFiles/app.elf.dir/lora/radio/sx126x/radio.c.obj
                0x08002adc                RadioInit
 .text.RadioGetStatus
                0x08002b18       0x18 CMakeFiles/app.elf.dir/lora/radio/sx126x/radio.c.obj
                0x08002b18                RadioGetStatus
 .text.RadioSetChannel
                0x08002b30        0x4 CMakeFiles/app.elf.dir/lora/radio/sx126x/radio.c.obj
                0x08002b30                RadioSetChannel
 .text.RadioRssi
                0x08002b34        0xa CMakeFiles/app.elf.dir/lora/radio/sx126x/radio.c.obj
                0x08002b34                RadioRssi
 .text.RadioRead
                0x08002b3e        0x4 CMakeFiles/app.elf.dir/lora/radio/sx126x/radio.c.obj
                0x08002b3e                RadioRead
 .text.RadioWrite
                0x08002b42        0x4 CMakeFiles/app.elf.dir/lora/radio/sx126x/radio.c.obj
                0x08002b42                RadioWrite
 *fill*         0x08002b46        0x2 
 .text.RadioSend
                0x08002b48       0x3c CMakeFiles/app.elf.dir/lora/radio/sx126x/radio.c.obj
                0x08002b48                RadioSend
 .text.RadioSleep
                0x08002b84       0x14 CMakeFiles/app.elf.dir/lora/radio/sx126x/radio.c.obj
                0x08002b84                RadioSleep
 .text.RadioSetRxDutyCycle
                0x08002b98        0x4 CMakeFiles/app.elf.dir/lora/radio/sx126x/radio.c.obj
                0x08002b98                RadioSetRxDutyCycle
 .text.RadioStartCad
                0x08002b9c       0x6c CMakeFiles/app.elf.dir/lora/radio/sx126x/radio.c.obj
                0x08002b9c                RadioStartCad
 .text.RadioSetTxContinuousWave
                0x08002c08       0x4c CMakeFiles/app.elf.dir/lora/radio/sx126x/radio.c.obj
                0x08002c08                RadioSetTxContinuousWave
 .text.RadioWriteBuffer
                0x08002c54        0x4 CMakeFiles/app.elf.dir/lora/radio/sx126x/radio.c.obj
                0x08002c54                RadioWriteBuffer
 .text.RadioReadBuffer
                0x08002c58        0x4 CMakeFiles/app.elf.dir/lora/radio/sx126x/radio.c.obj
                0x08002c58                RadioReadBuffer
 .text.RadioGetWakeupTime
                0x08002c5c        0xa CMakeFiles/app.elf.dir/lora/radio/sx126x/radio.c.obj
                0x08002c5c                RadioGetWakeupTime
 *fill*         0x08002c66        0x2 
 .text.RadioGetFskBandwidthRegValue
                0x08002c68       0x34 CMakeFiles/app.elf.dir/lora/radio/sx126x/radio.c.obj
 .text.RadioSetMaxPayloadLength
                0x08002c9c       0x28 CMakeFiles/app.elf.dir/lora/radio/sx126x/radio.c.obj
                0x08002c9c                RadioSetMaxPayloadLength
 .text.RadioRx  0x08002cc4       0x44 CMakeFiles/app.elf.dir/lora/radio/sx126x/radio.c.obj
                0x08002cc4                RadioRx
 .text.RadioRxBoosted
                0x08002d08       0x40 CMakeFiles/app.elf.dir/lora/radio/sx126x/radio.c.obj
                0x08002d08                RadioRxBoosted
 .text.RadioIrqProcess
                0x08002d48      0x138 CMakeFiles/app.elf.dir/lora/radio/sx126x/radio.c.obj
                0x08002d48                RadioIrqProcess
 .text.RadioSetPublicNetwork
                0x08002e80       0x3c CMakeFiles/app.elf.dir/lora/radio/sx126x/radio.c.obj
                0x08002e80                RadioSetPublicNetwork
 .text.RadioSetModem.part.0
                0x08002ebc       0x24 CMakeFiles/app.elf.dir/lora/radio/sx126x/radio.c.obj
 .text.RadioSetModem
                0x08002ee0       0x20 CMakeFiles/app.elf.dir/lora/radio/sx126x/radio.c.obj
                0x08002ee0                RadioSetModem
 .text.RadioIsChannelFree
                0x08002f00       0x4e CMakeFiles/app.elf.dir/lora/radio/sx126x/radio.c.obj
                0x08002f00                RadioIsChannelFree
 .text.RadioRandom
                0x08002f4e       0x3c CMakeFiles/app.elf.dir/lora/radio/sx126x/radio.c.obj
                0x08002f4e                RadioRandom
 *fill*         0x08002f8a        0x2 
 .text.RadioSymbTime
                0x08002f8c       0x2c CMakeFiles/app.elf.dir/lora/radio/sx126x/radio.c.obj
                0x08002f8c                RadioSymbTime
 .text.RadioSetRxConfig
                0x08002fb8      0x21c CMakeFiles/app.elf.dir/lora/radio/sx126x/radio.c.obj
                0x08002fb8                RadioSetRxConfig
 *fill*         0x080031d4        0x4 
 .text.RadioSetTxConfig
                0x080031d8      0x198 CMakeFiles/app.elf.dir/lora/radio/sx126x/radio.c.obj
                0x080031d8                RadioSetTxConfig
 .text.RadioTimeOnAir
                0x08003370      0x190 CMakeFiles/app.elf.dir/lora/radio/sx126x/radio.c.obj
                0x08003370                RadioTimeOnAir
 .text.RadioOnDioIrq
                0x08003500       0x24 CMakeFiles/app.elf.dir/lora/radio/sx126x/radio.c.obj
                0x08003500                RadioOnDioIrq
 .text.SX126xGetOperatingMode
                0x08003524        0xc CMakeFiles/app.elf.dir/lora/radio/sx126x/sx126x.c.obj
                0x08003524                SX126xGetOperatingMode
 .text.SX126xSetOperatingMode
                0x08003530        0xc CMakeFiles/app.elf.dir/lora/radio/sx126x/sx126x.c.obj
                0x08003530                SX126xSetOperatingMode
 .text.SX126xCheckDeviceReady
                0x0800353c       0x24 CMakeFiles/app.elf.dir/lora/radio/sx126x/sx126x.c.obj
                0x0800353c                SX126xCheckDeviceReady
 .text.SX126xSetPayload
                0x08003560        0xa CMakeFiles/app.elf.dir/lora/radio/sx126x/sx126x.c.obj
                0x08003560                SX126xSetPayload
 .text.SX126xSetSyncWord
                0x0800356a       0x12 CMakeFiles/app.elf.dir/lora/radio/sx126x/sx126x.c.obj
                0x0800356a                SX126xSetSyncWord
 .text.SX126xSetCrcSeed
                0x0800357c       0x24 CMakeFiles/app.elf.dir/lora/radio/sx126x/sx126x.c.obj
                0x0800357c                SX126xSetCrcSeed
 .text.SX126xSetCrcPolynomial
                0x080035a0       0x24 CMakeFiles/app.elf.dir/lora/radio/sx126x/sx126x.c.obj
                0x080035a0                SX126xSetCrcPolynomial
 .text.SX126xSetWhiteningSeed
                0x080035c4       0x38 CMakeFiles/app.elf.dir/lora/radio/sx126x/sx126x.c.obj
                0x080035c4                SX126xSetWhiteningSeed
 .text.SX126xSetSleep
                0x080035fc       0x24 CMakeFiles/app.elf.dir/lora/radio/sx126x/sx126x.c.obj
                0x080035fc                SX126xSetSleep
 .text.SX126xSetStandby
                0x08003620       0x2c CMakeFiles/app.elf.dir/lora/radio/sx126x/sx126x.c.obj
                0x08003620                SX126xSetStandby
 .text.SX126xSetTx
                0x0800364c       0x2c CMakeFiles/app.elf.dir/lora/radio/sx126x/sx126x.c.obj
                0x0800364c                SX126xSetTx
 .text.SX126xSendPayload
                0x08003678       0x12 CMakeFiles/app.elf.dir/lora/radio/sx126x/sx126x.c.obj
                0x08003678                SX126xSendPayload
 *fill*         0x0800368a        0x2 
 .text.SX126xSetRx
                0x0800368c       0x2c CMakeFiles/app.elf.dir/lora/radio/sx126x/sx126x.c.obj
                0x0800368c                SX126xSetRx
 .text.SX126xSetRxBoosted
                0x080036b8       0x38 CMakeFiles/app.elf.dir/lora/radio/sx126x/sx126x.c.obj
                0x080036b8                SX126xSetRxBoosted
 .text.SX126xSetRxDutyCycle
                0x080036f0       0x38 CMakeFiles/app.elf.dir/lora/radio/sx126x/sx126x.c.obj
                0x080036f0                SX126xSetRxDutyCycle
 .text.SX126xSetCad
                0x08003728       0x18 CMakeFiles/app.elf.dir/lora/radio/sx126x/sx126x.c.obj
                0x08003728                SX126xSetCad
 .text.SX126xSetTxContinuousWave
                0x08003740        0xa CMakeFiles/app.elf.dir/lora/radio/sx126x/sx126x.c.obj
                0x08003740                SX126xSetTxContinuousWave
 .text.SX126xSetStopRxTimerOnPreambleDetect
                0x0800374a       0x18 CMakeFiles/app.elf.dir/lora/radio/sx126x/sx126x.c.obj
                0x0800374a                SX126xSetStopRxTimerOnPreambleDetect
 .text.SX126xSetLoRaSymbNumTimeout
                0x08003762       0x18 CMakeFiles/app.elf.dir/lora/radio/sx126x/sx126x.c.obj
                0x08003762                SX126xSetLoRaSymbNumTimeout
 .text.SX126xSetRegulatorMode
                0x0800377a       0x18 CMakeFiles/app.elf.dir/lora/radio/sx126x/sx126x.c.obj
                0x0800377a                SX126xSetRegulatorMode
 *fill*         0x08003792        0x2 
 .text.SX126xCalibrateImage
                0x08003794       0x64 CMakeFiles/app.elf.dir/lora/radio/sx126x/sx126x.c.obj
                0x08003794                SX126xCalibrateImage
 .text.SX126xSetPaConfig
                0x080037f8       0x24 CMakeFiles/app.elf.dir/lora/radio/sx126x/sx126x.c.obj
                0x080037f8                SX126xSetPaConfig
 .text.SX126xSetDioIrqParams
                0x0800381c       0x2a CMakeFiles/app.elf.dir/lora/radio/sx126x/sx126x.c.obj
                0x0800381c                SX126xSetDioIrqParams
 .text.SX126xGetIrqStatus
                0x08003846       0x1e CMakeFiles/app.elf.dir/lora/radio/sx126x/sx126x.c.obj
                0x08003846                SX126xGetIrqStatus
 .text.SX126xSetDio2AsRfSwitchCtrl
                0x08003864       0x18 CMakeFiles/app.elf.dir/lora/radio/sx126x/sx126x.c.obj
                0x08003864                SX126xSetDio2AsRfSwitchCtrl
 .text.SX126xInit
                0x0800387c       0x28 CMakeFiles/app.elf.dir/lora/radio/sx126x/sx126x.c.obj
                0x0800387c                SX126xInit
 *fill*         0x080038a4        0x4 
 .text.SX126xSetRfFrequency
                0x080038a8       0x4c CMakeFiles/app.elf.dir/lora/radio/sx126x/sx126x.c.obj
                0x080038a8                SX126xSetRfFrequency
 .text.SX126xSetPacketType
                0x080038f4       0x20 CMakeFiles/app.elf.dir/lora/radio/sx126x/sx126x.c.obj
                0x080038f4                SX126xSetPacketType
 .text.SX126xGetPacketType
                0x08003914        0xc CMakeFiles/app.elf.dir/lora/radio/sx126x/sx126x.c.obj
                0x08003914                SX126xGetPacketType
 .text.SX126xSetTxParams
                0x08003920       0xbc CMakeFiles/app.elf.dir/lora/radio/sx126x/sx126x.c.obj
                0x08003920                SX126xSetTxParams
 *fill*         0x080039dc        0x4 
 .text.SX126xSetModulationParams
                0x080039e0       0xb4 CMakeFiles/app.elf.dir/lora/radio/sx126x/sx126x.c.obj
                0x080039e0                SX126xSetModulationParams
 .text.SX126xSetPacketParams
                0x08003a94       0xac CMakeFiles/app.elf.dir/lora/radio/sx126x/sx126x.c.obj
                0x08003a94                SX126xSetPacketParams
 .text.SX126xSetCadParams
                0x08003b40       0x3c CMakeFiles/app.elf.dir/lora/radio/sx126x/sx126x.c.obj
                0x08003b40                SX126xSetCadParams
 .text.SX126xSetBufferBaseAddress
                0x08003b7c       0x1a CMakeFiles/app.elf.dir/lora/radio/sx126x/sx126x.c.obj
                0x08003b7c                SX126xSetBufferBaseAddress
 .text.SX126xGetRssiInst
                0x08003b96       0x1a CMakeFiles/app.elf.dir/lora/radio/sx126x/sx126x.c.obj
                0x08003b96                SX126xGetRssiInst
 .text.SX126xGetRxBufferStatus
                0x08003bb0       0x48 CMakeFiles/app.elf.dir/lora/radio/sx126x/sx126x.c.obj
                0x08003bb0                SX126xGetRxBufferStatus
 .text.SX126xGetPayload
                0x08003bf8       0x32 CMakeFiles/app.elf.dir/lora/radio/sx126x/sx126x.c.obj
                0x08003bf8                SX126xGetPayload
 *fill*         0x08003c2a        0x2 
 .text.SX126xGetPacketStatus
                0x08003c2c       0x80 CMakeFiles/app.elf.dir/lora/radio/sx126x/sx126x.c.obj
                0x08003c2c                SX126xGetPacketStatus
 .text.SX126xClearIrqStatus
                0x08003cac       0x18 CMakeFiles/app.elf.dir/lora/radio/sx126x/sx126x.c.obj
                0x08003cac                SX126xClearIrqStatus
 .text.DelayMs  0x08003cc4        0x4 CMakeFiles/app.elf.dir/lora/system/delay.c.obj
                0x08003cc4                DelayMs
 .text.TimeStampsUpdate
                0x08003cc8       0x2c CMakeFiles/app.elf.dir/lora/system/timer.c.obj
 .text.TimerInsertNewHeadTimer
                0x08003cf4       0x1c CMakeFiles/app.elf.dir/lora/system/timer.c.obj
 .text.TimerStart
                0x08003d10       0x78 CMakeFiles/app.elf.dir/lora/system/timer.c.obj
                0x08003d10                TimerStart
 .text.TimerStop
                0x08003d88       0x5c CMakeFiles/app.elf.dir/lora/system/timer.c.obj
                0x08003d88                TimerStop
 .text.TimerSetValue
                0x08003de4       0x10 CMakeFiles/app.elf.dir/lora/system/timer.c.obj
                0x08003de4                TimerSetValue
 .text.TimerGetCurrentTime
                0x08003df4       0x18 CMakeFiles/app.elf.dir/lora/system/timer.c.obj
                0x08003df4                TimerGetCurrentTime
 .text.TimerGetElapsedTime
                0x08003e0c       0x12 CMakeFiles/app.elf.dir/lora/system/timer.c.obj
                0x08003e0c                TimerGetElapsedTime
 *fill*         0x08003e1e        0x2 
 .text.__libc_init_array
                0x08003e20       0x48 c:/users/wyx12/documents/environment/gcc-arm-none-eabi-9-2020-q2-update-win32/bin/../lib/gcc/arm-none-eabi/9.3.1/../../../../arm-none-eabi/lib/thumb/v7e-m/nofp\libc.a(lib_a-init.o)
                0x08003e20                __libc_init_array
 .text.memset   0x08003e68       0xa0 c:/users/wyx12/documents/environment/gcc-arm-none-eabi-9-2020-q2-update-win32/bin/../lib/gcc/arm-none-eabi/9.3.1/../../../../arm-none-eabi/lib/thumb/v7e-m/nofp\libc.a(lib_a-memset.o)
                0x08003e68                memset
 .text.startup.register_fini
                0x08003f08       0x14 c:/users/wyx12/documents/environment/gcc-arm-none-eabi-9-2020-q2-update-win32/bin/../lib/gcc/arm-none-eabi/9.3.1/../../../../arm-none-eabi/lib/thumb/v7e-m/nofp\libc.a(lib_a-__call_atexit.o)
 .text.atexit   0x08003f1c        0xc c:/users/wyx12/documents/environment/gcc-arm-none-eabi-9-2020-q2-update-win32/bin/../lib/gcc/arm-none-eabi/9.3.1/../../../../arm-none-eabi/lib/thumb/v7e-m/nofp\libc.a(lib_a-atexit.o)
                0x08003f1c                atexit
 .text.__libc_fini_array
                0x08003f28       0x2c c:/users/wyx12/documents/environment/gcc-arm-none-eabi-9-2020-q2-update-win32/bin/../lib/gcc/arm-none-eabi/9.3.1/../../../../arm-none-eabi/lib/thumb/v7e-m/nofp\libc.a(lib_a-fini.o)
                0x08003f28                __libc_fini_array
 .text.__retarget_lock_acquire_recursive
                0x08003f54        0x4 c:/users/wyx12/documents/environment/gcc-arm-none-eabi-9-2020-q2-update-win32/bin/../lib/gcc/arm-none-eabi/9.3.1/../../../../arm-none-eabi/lib/thumb/v7e-m/nofp\libc.a(lib_a-lock.o)
                0x08003f54                __retarget_lock_acquire_recursive
 .text.__retarget_lock_release_recursive
                0x08003f58        0x4 c:/users/wyx12/documents/environment/gcc-arm-none-eabi-9-2020-q2-update-win32/bin/../lib/gcc/arm-none-eabi/9.3.1/../../../../arm-none-eabi/lib/thumb/v7e-m/nofp\libc.a(lib_a-lock.o)
                0x08003f58                __retarget_lock_release_recursive
 .text.__register_exitproc
                0x08003f5c       0x8c c:/users/wyx12/documents/environment/gcc-arm-none-eabi-9-2020-q2-update-win32/bin/../lib/gcc/arm-none-eabi/9.3.1/../../../../arm-none-eabi/lib/thumb/v7e-m/nofp\libc.a(lib_a-__atexit.o)
                0x08003f5c                __register_exitproc
 .text.ceil     0x08003fe8       0xf8 c:/users/wyx12/documents/environment/gcc-arm-none-eabi-9-2020-q2-update-win32/bin/../lib/gcc/arm-none-eabi/9.3.1/../../../../arm-none-eabi/lib/thumb/v7e-m/nofp\libm.a(lib_a-s_ceil.o)
                0x08003fe8                ceil
 .text.floor    0x080040e0       0xf8 c:/users/wyx12/documents/environment/gcc-arm-none-eabi-9-2020-q2-update-win32/bin/../lib/gcc/arm-none-eabi/9.3.1/../../../../arm-none-eabi/lib/thumb/v7e-m/nofp\libm.a(lib_a-s_floor.o)
                0x080040e0                floor
 .text.rint     0x080041d8      0x120 c:/users/wyx12/documents/environment/gcc-arm-none-eabi-9-2020-q2-update-win32/bin/../lib/gcc/arm-none-eabi/9.3.1/../../../../arm-none-eabi/lib/thumb/v7e-m/nofp\libm.a(lib_a-s_rint.o)
                0x080041d8                rint
 .text.round    0x080042f8       0x94 c:/users/wyx12/documents/environment/gcc-arm-none-eabi-9-2020-q2-update-win32/bin/../lib/gcc/arm-none-eabi/9.3.1/../../../../arm-none-eabi/lib/thumb/v7e-m/nofp\libm.a(lib_a-s_round.o)
                0x080042f8                round
 .text.log      0x0800438c       0x74 c:/users/wyx12/documents/environment/gcc-arm-none-eabi-9-2020-q2-update-win32/bin/../lib/gcc/arm-none-eabi/9.3.1/../../../../arm-none-eabi/lib/thumb/v7e-m/nofp\libm.a(lib_a-w_log.o)
                0x0800438c                log
 .text.__ieee754_log
                0x08004400      0x3e8 c:/users/wyx12/documents/environment/gcc-arm-none-eabi-9-2020-q2-update-win32/bin/../lib/gcc/arm-none-eabi/9.3.1/../../../../arm-none-eabi/lib/thumb/v7e-m/nofp\libm.a(lib_a-e_log.o)
                0x08004400                __ieee754_log
 .text.nan      0x080047e8        0xc c:/users/wyx12/documents/environment/gcc-arm-none-eabi-9-2020-q2-update-win32/bin/../lib/gcc/arm-none-eabi/9.3.1/../../../../arm-none-eabi/lib/thumb/v7e-m/nofp\libm.a(lib_a-s_nan.o)
                0x080047e8                nan
 *(.glue_7)
 .glue_7        0x080047f4        0x0 linker stubs
 *(.glue_7t)
 .glue_7t       0x080047f4        0x0 linker stubs
 *(.eh_frame)
 .eh_frame      0x080047f4        0x0 c:/users/wyx12/documents/environment/gcc-arm-none-eabi-9-2020-q2-update-win32/bin/../lib/gcc/arm-none-eabi/9.3.1/thumb/v7e-m/nofp/crtbegin.o
 *(.init)
 .init          0x080047f4        0x4 c:/users/wyx12/documents/environment/gcc-arm-none-eabi-9-2020-q2-update-win32/bin/../lib/gcc/arm-none-eabi/9.3.1/thumb/v7e-m/nofp/crti.o
                0x080047f4                _init
 .init          0x080047f8        0x8 c:/users/wyx12/documents/environment/gcc-arm-none-eabi-9-2020-q2-update-win32/bin/../lib/gcc/arm-none-eabi/9.3.1/thumb/v7e-m/nofp/crtn.o
 *(.fini)
 .fini          0x08004800        0x4 c:/users/wyx12/documents/environment/gcc-arm-none-eabi-9-2020-q2-update-win32/bin/../lib/gcc/arm-none-eabi/9.3.1/thumb/v7e-m/nofp/crti.o
                0x08004800                _fini
 .fini          0x08004804        0x8 c:/users/wyx12/documents/environment/gcc-arm-none-eabi-9-2020-q2-update-win32/bin/../lib/gcc/arm-none-eabi/9.3.1/thumb/v7e-m/nofp/crtn.o
 *fill*         0x0800480c        0x4 
 .fini.__stub   0x08004810        0x8 linker stubs
                0x08004818                . = ALIGN (0x4)
                0x08004818                _etext = .

.vfp11_veneer   0x08004818        0x0
 .vfp11_veneer  0x08004818        0x0 linker stubs

.v4_bx          0x08004818        0x0
 .v4_bx         0x08004818        0x0 linker stubs

.iplt           0x08004818        0x0
 .iplt          0x08004818        0x0 c:/users/wyx12/documents/environment/gcc-arm-none-eabi-9-2020-q2-update-win32/bin/../lib/gcc/arm-none-eabi/9.3.1/thumb/v7e-m/nofp/crtbegin.o

.rodata         0x08004818      0x1e4
                0x08004818                . = ALIGN (0x4)
 *(.rodata)
 .rodata        0x08004818       0x2a CMakeFiles/app.elf.dir/lora/driver/rtc-board.c.obj
 *fill*         0x08004842        0x6 
 .rodata        0x08004848      0x188 CMakeFiles/app.elf.dir/lora/radio/sx126x/radio.c.obj
                0x08004848                FskBandwidths
                0x08004958                Bandwidths
                0x08004964                Radio
 .rodata        0x080049d0       0x11 CMakeFiles/app.elf.dir/lora/radio/sx126x/sx126x.c.obj
 *(.rodata*)
 *fill*         0x080049e1        0x3 
 .rodata._global_impure_ptr
                0x080049e4        0x4 c:/users/wyx12/documents/environment/gcc-arm-none-eabi-9-2020-q2-update-win32/bin/../lib/gcc/arm-none-eabi/9.3.1/../../../../arm-none-eabi/lib/thumb/v7e-m/nofp\libc.a(lib_a-impure.o)
                0x080049e4                _global_impure_ptr
 .rodata.TWO52  0x080049e8       0x10 c:/users/wyx12/documents/environment/gcc-arm-none-eabi-9-2020-q2-update-win32/bin/../lib/gcc/arm-none-eabi/9.3.1/../../../../arm-none-eabi/lib/thumb/v7e-m/nofp\libm.a(lib_a-s_rint.o)
 .rodata.log.str1.4
                0x080049f8        0x1 c:/users/wyx12/documents/environment/gcc-arm-none-eabi-9-2020-q2-update-win32/bin/../lib/gcc/arm-none-eabi/9.3.1/../../../../arm-none-eabi/lib/thumb/v7e-m/nofp\libm.a(lib_a-w_log.o)
                0x080049fc                . = ALIGN (0x4)
 *fill*         0x080049f9        0x3 

.rel.dyn        0x080049fc        0x0
 .rel.iplt      0x080049fc        0x0 c:/users/wyx12/documents/environment/gcc-arm-none-eabi-9-2020-q2-update-win32/bin/../lib/gcc/arm-none-eabi/9.3.1/thumb/v7e-m/nofp/crtbegin.o

.ARM.extab
 *(.ARM.extab* .gnu.linkonce.armextab.*)

.ARM            0x080049fc        0x0
                0x080049fc                __exidx_start = .
 *(.ARM.exidx*)
                0x080049fc                __exidx_end = .

.preinit_array  0x080049fc        0x0
                0x080049fc                PROVIDE (__preinit_array_start = .)
 *(.preinit_array*)
                0x080049fc                PROVIDE (__preinit_array_end = .)

.init_array     0x080049fc        0x8
                0x080049fc                PROVIDE (__init_array_start = .)
 *(SORT_BY_NAME(.init_array.*))
 .init_array.00000
                0x080049fc        0x4 c:/users/wyx12/documents/environment/gcc-arm-none-eabi-9-2020-q2-update-win32/bin/../lib/gcc/arm-none-eabi/9.3.1/../../../../arm-none-eabi/lib/thumb/v7e-m/nofp\libc.a(lib_a-__call_atexit.o)
 *(.init_array*)
 .init_array    0x08004a00        0x4 c:/users/wyx12/documents/environment/gcc-arm-none-eabi-9-2020-q2-update-win32/bin/../lib/gcc/arm-none-eabi/9.3.1/thumb/v7e-m/nofp/crtbegin.o
                0x08004a04                PROVIDE (__init_array_end = .)

.fini_array     0x08004a04        0x4
                0x08004a04                PROVIDE (__fini_array_start = .)
 *(SORT_BY_NAME(.fini_array.*))
 *(.fini_array*)
 .fini_array    0x08004a04        0x4 c:/users/wyx12/documents/environment/gcc-arm-none-eabi-9-2020-q2-update-win32/bin/../lib/gcc/arm-none-eabi/9.3.1/thumb/v7e-m/nofp/crtbegin.o
                0x08004a08                PROVIDE (__fini_array_end = .)
                0x08004a08                _sidata = LOADADDR (.data)

.data           0x20000000      0x480 load address 0x08004a08
                0x20000000                . = ALIGN (0x4)
                0x20000000                _sdata = .
 *(.data)
 .data          0x20000000        0x4 CMakeFiles/app.elf.dir/usr/src/System_Initial.c.obj
                0x20000000                gain_value
 .data          0x20000004       0x40 CMakeFiles/app.elf.dir/usr/src/main.c.obj
                0x20000004                RF_Tx_Buff
 .data          0x20000044        0x2 CMakeFiles/app.elf.dir/usr/src/sx126x_Init.c.obj
                0x20000044                BufferSize
 *fill*         0x20000046        0x2 
 .data          0x20000048        0x4 CMakeFiles/app.elf.dir/lora/driver/utilities.c.obj
 .data          0x2000004c        0x1 CMakeFiles/app.elf.dir/lora/radio/sx126x/radio.c.obj
                0x2000004c                MaxPayloadLength
 *(.data*)
 *fill*         0x2000004d        0x3 
 .data.impure_data
                0x20000050      0x428 c:/users/wyx12/documents/environment/gcc-arm-none-eabi-9-2020-q2-update-win32/bin/../lib/gcc/arm-none-eabi/9.3.1/../../../../arm-none-eabi/lib/thumb/v7e-m/nofp\libc.a(lib_a-impure.o)
 .data.__atexit_recursive_mutex
                0x20000478        0x4 c:/users/wyx12/documents/environment/gcc-arm-none-eabi-9-2020-q2-update-win32/bin/../lib/gcc/arm-none-eabi/9.3.1/../../../../arm-none-eabi/lib/thumb/v7e-m/nofp\libc.a(lib_a-__call_atexit.o)
                0x20000478                __atexit_recursive_mutex
 .data.__fdlib_version
                0x2000047c        0x1 c:/users/wyx12/documents/environment/gcc-arm-none-eabi-9-2020-q2-update-win32/bin/../lib/gcc/arm-none-eabi/9.3.1/../../../../arm-none-eabi/lib/thumb/v7e-m/nofp\libm.a(lib_a-s_lib_ver.o)
                0x2000047c                __fdlib_version
                0x20000480                . = ALIGN (0x4)
 *fill*         0x2000047d        0x3 
                0x20000480                _edata = .

.igot.plt       0x20000480        0x0 load address 0x08004e88
 .igot.plt      0x20000480        0x0 c:/users/wyx12/documents/environment/gcc-arm-none-eabi-9-2020-q2-update-win32/bin/../lib/gcc/arm-none-eabi/9.3.1/thumb/v7e-m/nofp/crtbegin.o
                0x20000480                . = ALIGN (0x4)

.bss            0x20000480      0x2f0 load address 0x08004e88
                0x20000480                _sbss = .
                0x20000480                __bss_start__ = _sbss
 *(.bss)
 .bss           0x20000480       0x1c c:/users/wyx12/documents/environment/gcc-arm-none-eabi-9-2020-q2-update-win32/bin/../lib/gcc/arm-none-eabi/9.3.1/thumb/v7e-m/nofp/crtbegin.o
 .bss           0x2000049c       0x7d CMakeFiles/app.elf.dir/usr/src/App.c.obj
                0x2000049c                adc_data_batt
                0x200004b0                adc_data_ntc
                0x200004c4                calibrated_NTC
                0x200004ec                calibrated_BATT
                0x20000514                NTC_Temp
                0x20000518                Batt_Value
 *fill*         0x20000519        0x3 
 .bss           0x2000051c        0x4 CMakeFiles/app.elf.dir/usr/src/System_Initial.c.obj
                0x2000051c                dco_value
 .bss           0x20000520        0xc CMakeFiles/app.elf.dir/usr/src/main.c.obj
                0x20000520                Run_Tick
                0x20000524                NTC_Temp_Last
                0x20000528                Send_Flag
                0x2000052a                CRC_16
 .bss           0x2000052c        0xc CMakeFiles/app.elf.dir/usr/src/sx126x_Init.c.obj
                0x2000052c                State
                0x2000052d                RssiValue
                0x2000052e                SnrValue
                0x2000052f                OCP_Value
                0x20000530                ChipId
 .bss           0x20000538        0x1 CMakeFiles/app.elf.dir/drivers/peripheral/src/tremo_delay.c.obj
 .bss           0x20000539        0x1 CMakeFiles/app.elf.dir/lora/driver/sx1262-board.c.obj
                0x20000539                gPaOptSetting
 *fill*         0x2000053a        0x2 
 .bss           0x2000053c       0x14 CMakeFiles/app.elf.dir/lora/radio/sx126x/radio.c.obj
                0x20000540                IrqFired
                0x20000541                RxContinuous
                0x20000544                RxTimeout
                0x2000054c                TxTimeout
 .bss           0x20000550        0x8 CMakeFiles/app.elf.dir/lora/radio/sx126x/sx126x.c.obj
                0x20000554                FrequencyError
 .bss           0x20000558       0x11 CMakeFiles/app.elf.dir/lora/system/timer.c.obj
                0x20000568                HasLoopedThroughMain
 *(.bss*)
 *(COMMON)
 *fill*         0x20000569        0x3 
 COMMON         0x2000056c       0x20 CMakeFiles/app.elf.dir/usr/src/System_Initial.c.obj
                0x2000056c                __errno
                0x20000570                RadioEvents
 COMMON         0x2000058c        0x5 CMakeFiles/app.elf.dir/usr/src/sx126x_Init.c.obj
                0x2000058c                Buffer
 *fill*         0x20000591        0x7 
 COMMON         0x20000598       0x18 CMakeFiles/app.elf.dir/lora/driver/rtc-board.c.obj
                0x20000598                RtcCalendarContext
                0x200005a8                RtcTimerContext
 COMMON         0x200005b0      0x19c CMakeFiles/app.elf.dir/lora/radio/sx126x/radio.c.obj
                0x200005b0                irqRegs
                0x200005b4                SX126x
                0x200005f0                TxTimeoutTimer
                0x20000608                RadioRxPayload
                0x20000708                CadTimeoutTimer
                0x20000720                RadioPktStatus
                0x20000734                RxTimeoutTimer
 COMMON         0x2000074c       0x21 c:/users/wyx12/documents/environment/gcc-arm-none-eabi-9-2020-q2-update-win32/bin/../lib/gcc/arm-none-eabi/9.3.1/../../../../arm-none-eabi/lib/thumb/v7e-m/nofp\libc.a(lib_a-lock.o)
                0x2000074c                __lock___atexit_recursive_mutex
                0x20000750                __lock___arc4random_mutex
                0x20000754                __lock___env_recursive_mutex
                0x20000758                __lock___sinit_recursive_mutex
                0x2000075c                __lock___malloc_recursive_mutex
                0x20000760                __lock___at_quick_exit_mutex
                0x20000764                __lock___dd_hash_mutex
                0x20000768                __lock___tz_mutex
                0x2000076c                __lock___sfp_recursive_mutex
                0x20000770                . = ALIGN (0x4)
 *fill*         0x2000076d        0x3 
                0x20000770                _ebss = .
                0x20000770                __bss_end__ = _ebss

.heap           0x20000770        0x0 load address 0x08004e88
                0x20000770                . = ALIGN (0x4)
                0x20000770                _heap_bottom = .
                0x20000770                end = _heap_bottom
                0x20000770                _end = end
                0x20000770                __end = end
                0x20000770                . = (. + _HEAP_SIZE)
                0x20000770                _heap_top = .

.stack          0x20000770     0x1000 load address 0x08004e88
                0x20000770                . = ALIGN (0x4)
                0x20000770                _stack_bottom = .
                0x20001770                . = (. + _STACK_SIZE)
 *fill*         0x20000770     0x1000 
                0x20001770                _stack_top = .

/DISCARD/
 libc.a(*)
 libm.a(*)
 libgcc.a(*)

.ARM.attributes
                0x00000000       0x2e
 *(.ARM.attributes)
 .ARM.attributes
                0x00000000       0x1e c:/users/wyx12/documents/environment/gcc-arm-none-eabi-9-2020-q2-update-win32/bin/../lib/gcc/arm-none-eabi/9.3.1/thumb/v7e-m/nofp/crti.o
 .ARM.attributes
                0x0000001e       0x2e c:/users/wyx12/documents/environment/gcc-arm-none-eabi-9-2020-q2-update-win32/bin/../lib/gcc/arm-none-eabi/9.3.1/thumb/v7e-m/nofp/crtbegin.o
 .ARM.attributes
                0x0000004c       0x32 CMakeFiles/app.elf.dir/usr/src/App.c.obj
 .ARM.attributes
                0x0000007e       0x32 CMakeFiles/app.elf.dir/usr/src/System_Initial.c.obj
 .ARM.attributes
                0x000000b0       0x32 CMakeFiles/app.elf.dir/usr/src/main.c.obj
 .ARM.attributes
                0x000000e2       0x32 CMakeFiles/app.elf.dir/usr/src/sx126x_Init.c.obj
 .ARM.attributes
                0x00000114       0x32 CMakeFiles/app.elf.dir/usr/src/tremo_it.c.obj
 .ARM.attributes
                0x00000146       0x32 CMakeFiles/app.elf.dir/drivers/peripheral/src/tremo_adc.c.obj
 .ARM.attributes
                0x00000178       0x32 CMakeFiles/app.elf.dir/drivers/peripheral/src/tremo_delay.c.obj
 .ARM.attributes
                0x000001aa       0x32 CMakeFiles/app.elf.dir/drivers/peripheral/src/tremo_gpio.c.obj
 .ARM.attributes
                0x000001dc       0x32 CMakeFiles/app.elf.dir/drivers/peripheral/src/tremo_iwdg.c.obj
 .ARM.attributes
                0x0000020e       0x32 CMakeFiles/app.elf.dir/drivers/peripheral/src/tremo_pwr.c.obj
 .ARM.attributes
                0x00000240       0x32 CMakeFiles/app.elf.dir/drivers/peripheral/src/tremo_rcc.c.obj
 .ARM.attributes
                0x00000272       0x32 CMakeFiles/app.elf.dir/drivers/peripheral/src/tremo_rtc.c.obj
 .ARM.attributes
                0x000002a4       0x25 CMakeFiles/app.elf.dir/platform/system/startup_cm4.S.obj
 .ARM.attributes
                0x000002c9       0x32 CMakeFiles/app.elf.dir/platform/system/system_cm4.c.obj
 .ARM.attributes
                0x000002fb       0x32 CMakeFiles/app.elf.dir/lora/driver/rtc-board.c.obj
 .ARM.attributes
                0x0000032d       0x32 CMakeFiles/app.elf.dir/lora/driver/sx1262-board.c.obj
 .ARM.attributes
                0x0000035f       0x32 CMakeFiles/app.elf.dir/lora/driver/utilities.c.obj
 .ARM.attributes
                0x00000391       0x32 CMakeFiles/app.elf.dir/lora/radio/sx126x/radio.c.obj
 .ARM.attributes
                0x000003c3       0x32 CMakeFiles/app.elf.dir/lora/radio/sx126x/sx126x.c.obj
 .ARM.attributes
                0x000003f5       0x32 CMakeFiles/app.elf.dir/lora/system/delay.c.obj
 .ARM.attributes
                0x00000427       0x32 CMakeFiles/app.elf.dir/lora/system/timer.c.obj
 .ARM.attributes
                0x00000459       0x1e c:/users/wyx12/documents/environment/gcc-arm-none-eabi-9-2020-q2-update-win32/bin/../lib/gcc/arm-none-eabi/9.3.1/thumb/v7e-m/nofp\libgcc.a(_arm_addsubdf3.o)
 .ARM.attributes
                0x00000477       0x1e c:/users/wyx12/documents/environment/gcc-arm-none-eabi-9-2020-q2-update-win32/bin/../lib/gcc/arm-none-eabi/9.3.1/thumb/v7e-m/nofp\libgcc.a(_arm_muldivdf3.o)
 .ARM.attributes
                0x00000495       0x1e c:/users/wyx12/documents/environment/gcc-arm-none-eabi-9-2020-q2-update-win32/bin/../lib/gcc/arm-none-eabi/9.3.1/thumb/v7e-m/nofp\libgcc.a(_arm_cmpdf2.o)
 .ARM.attributes
                0x000004b3       0x1e c:/users/wyx12/documents/environment/gcc-arm-none-eabi-9-2020-q2-update-win32/bin/../lib/gcc/arm-none-eabi/9.3.1/thumb/v7e-m/nofp\libgcc.a(_arm_fixunsdfsi.o)
 .ARM.attributes
                0x000004d1       0x1e c:/users/wyx12/documents/environment/gcc-arm-none-eabi-9-2020-q2-update-win32/bin/../lib/gcc/arm-none-eabi/9.3.1/thumb/v7e-m/nofp\libgcc.a(_arm_truncdfsf2.o)
 .ARM.attributes
                0x000004ef       0x2e c:/users/wyx12/documents/environment/gcc-arm-none-eabi-9-2020-q2-update-win32/bin/../lib/gcc/arm-none-eabi/9.3.1/thumb/v7e-m/nofp\libgcc.a(_fixunsdfdi.o)
 .ARM.attributes
                0x0000051d       0x2e c:/users/wyx12/documents/environment/gcc-arm-none-eabi-9-2020-q2-update-win32/bin/../lib/gcc/arm-none-eabi/9.3.1/../../../../arm-none-eabi/lib/thumb/v7e-m/nofp\libc.a(lib_a-impure.o)
 .ARM.attributes
                0x0000054b       0x2e c:/users/wyx12/documents/environment/gcc-arm-none-eabi-9-2020-q2-update-win32/bin/../lib/gcc/arm-none-eabi/9.3.1/../../../../arm-none-eabi/lib/thumb/v7e-m/nofp\libc.a(lib_a-init.o)
 .ARM.attributes
                0x00000579       0x1c c:/users/wyx12/documents/environment/gcc-arm-none-eabi-9-2020-q2-update-win32/bin/../lib/gcc/arm-none-eabi/9.3.1/../../../../arm-none-eabi/lib/thumb/v7e-m/nofp\libc.a(lib_a-memcpy.o)
 .ARM.attributes
                0x00000595       0x2e c:/users/wyx12/documents/environment/gcc-arm-none-eabi-9-2020-q2-update-win32/bin/../lib/gcc/arm-none-eabi/9.3.1/../../../../arm-none-eabi/lib/thumb/v7e-m/nofp\libc.a(lib_a-memset.o)
 .ARM.attributes
                0x000005c3       0x2e c:/users/wyx12/documents/environment/gcc-arm-none-eabi-9-2020-q2-update-win32/bin/../lib/gcc/arm-none-eabi/9.3.1/../../../../arm-none-eabi/lib/thumb/v7e-m/nofp\libc.a(lib_a-__call_atexit.o)
 .ARM.attributes
                0x000005f1       0x2e c:/users/wyx12/documents/environment/gcc-arm-none-eabi-9-2020-q2-update-win32/bin/../lib/gcc/arm-none-eabi/9.3.1/../../../../arm-none-eabi/lib/thumb/v7e-m/nofp\libc.a(lib_a-atexit.o)
 .ARM.attributes
                0x0000061f       0x2e c:/users/wyx12/documents/environment/gcc-arm-none-eabi-9-2020-q2-update-win32/bin/../lib/gcc/arm-none-eabi/9.3.1/../../../../arm-none-eabi/lib/thumb/v7e-m/nofp\libc.a(lib_a-fini.o)
 .ARM.attributes
                0x0000064d       0x2e c:/users/wyx12/documents/environment/gcc-arm-none-eabi-9-2020-q2-update-win32/bin/../lib/gcc/arm-none-eabi/9.3.1/../../../../arm-none-eabi/lib/thumb/v7e-m/nofp\libc.a(lib_a-lock.o)
 .ARM.attributes
                0x0000067b       0x2e c:/users/wyx12/documents/environment/gcc-arm-none-eabi-9-2020-q2-update-win32/bin/../lib/gcc/arm-none-eabi/9.3.1/../../../../arm-none-eabi/lib/thumb/v7e-m/nofp\libc.a(lib_a-__atexit.o)
 .ARM.attributes
                0x000006a9       0x1e c:/users/wyx12/documents/environment/gcc-arm-none-eabi-9-2020-q2-update-win32/bin/../lib/gcc/arm-none-eabi/9.3.1/thumb/v7e-m/nofp/crtn.o
OUTPUT(app.elf elf32-littlearm)
LOAD linker stubs
LOAD c:/users/wyx12/documents/environment/gcc-arm-none-eabi-9-2020-q2-update-win32/bin/../lib/gcc/arm-none-eabi/9.3.1/../../../../arm-none-eabi/lib/thumb/v7e-m/nofp\libc.a
LOAD c:/users/wyx12/documents/environment/gcc-arm-none-eabi-9-2020-q2-update-win32/bin/../lib/gcc/arm-none-eabi/9.3.1/../../../../arm-none-eabi/lib/thumb/v7e-m/nofp\libm.a
LOAD c:/users/wyx12/documents/environment/gcc-arm-none-eabi-9-2020-q2-update-win32/bin/../lib/gcc/arm-none-eabi/9.3.1/thumb/v7e-m/nofp\libgcc.a

.debug_info     0x00000000    0x18e25
 .debug_info    0x00000000      0xfe5 CMakeFiles/app.elf.dir/usr/src/App.c.obj
 .debug_info    0x00000fe5     0x1bf8 CMakeFiles/app.elf.dir/usr/src/System_Initial.c.obj
 .debug_info    0x00002bdd     0x1352 CMakeFiles/app.elf.dir/usr/src/main.c.obj
 .debug_info    0x00003f2f     0x13c0 CMakeFiles/app.elf.dir/usr/src/sx126x_Init.c.obj
 .debug_info    0x000052ef      0x136 CMakeFiles/app.elf.dir/usr/src/tremo_it.c.obj
 .debug_info    0x00005425      0x9aa CMakeFiles/app.elf.dir/drivers/peripheral/src/tremo_adc.c.obj
 .debug_info    0x00005dcf      0x7cb CMakeFiles/app.elf.dir/drivers/peripheral/src/tremo_delay.c.obj
 .debug_info    0x0000659a      0x90a CMakeFiles/app.elf.dir/drivers/peripheral/src/tremo_gpio.c.obj
 .debug_info    0x00006ea4      0x5b2 CMakeFiles/app.elf.dir/drivers/peripheral/src/tremo_iwdg.c.obj
 .debug_info    0x00007456      0x9ea CMakeFiles/app.elf.dir/drivers/peripheral/src/tremo_pwr.c.obj
 .debug_info    0x00007e40     0x1153 CMakeFiles/app.elf.dir/drivers/peripheral/src/tremo_rcc.c.obj
 .debug_info    0x00008f93     0x1b7c CMakeFiles/app.elf.dir/drivers/peripheral/src/tremo_rtc.c.obj
 .debug_info    0x0000ab0f       0x22 CMakeFiles/app.elf.dir/platform/system/startup_cm4.S.obj
 .debug_info    0x0000ab31      0x855 CMakeFiles/app.elf.dir/platform/system/system_cm4.c.obj
 .debug_info    0x0000b386     0x210f CMakeFiles/app.elf.dir/lora/driver/rtc-board.c.obj
 .debug_info    0x0000d495     0x282f CMakeFiles/app.elf.dir/lora/driver/sx1262-board.c.obj
 .debug_info    0x0000fcc4      0xc5f CMakeFiles/app.elf.dir/lora/driver/utilities.c.obj
 .debug_info    0x00010923     0x3498 CMakeFiles/app.elf.dir/lora/radio/sx126x/radio.c.obj
 .debug_info    0x00013dbb     0x3075 CMakeFiles/app.elf.dir/lora/radio/sx126x/sx126x.c.obj
 .debug_info    0x00016e30      0x185 CMakeFiles/app.elf.dir/lora/system/delay.c.obj
 .debug_info    0x00016fb5     0x1e70 CMakeFiles/app.elf.dir/lora/system/timer.c.obj

.debug_abbrev   0x00000000     0x3de8
 .debug_abbrev  0x00000000      0x321 CMakeFiles/app.elf.dir/usr/src/App.c.obj
 .debug_abbrev  0x00000321      0x30e CMakeFiles/app.elf.dir/usr/src/System_Initial.c.obj
 .debug_abbrev  0x0000062f      0x264 CMakeFiles/app.elf.dir/usr/src/main.c.obj
 .debug_abbrev  0x00000893      0x2e7 CMakeFiles/app.elf.dir/usr/src/sx126x_Init.c.obj
 .debug_abbrev  0x00000b7a       0xd4 CMakeFiles/app.elf.dir/usr/src/tremo_it.c.obj
 .debug_abbrev  0x00000c4e      0x242 CMakeFiles/app.elf.dir/drivers/peripheral/src/tremo_adc.c.obj
 .debug_abbrev  0x00000e90      0x237 CMakeFiles/app.elf.dir/drivers/peripheral/src/tremo_delay.c.obj
 .debug_abbrev  0x000010c7      0x24a CMakeFiles/app.elf.dir/drivers/peripheral/src/tremo_gpio.c.obj
 .debug_abbrev  0x00001311      0x1cc CMakeFiles/app.elf.dir/drivers/peripheral/src/tremo_iwdg.c.obj
 .debug_abbrev  0x000014dd      0x224 CMakeFiles/app.elf.dir/drivers/peripheral/src/tremo_pwr.c.obj
 .debug_abbrev  0x00001701      0x276 CMakeFiles/app.elf.dir/drivers/peripheral/src/tremo_rcc.c.obj
 .debug_abbrev  0x00001977      0x491 CMakeFiles/app.elf.dir/drivers/peripheral/src/tremo_rtc.c.obj
 .debug_abbrev  0x00001e08       0x12 CMakeFiles/app.elf.dir/platform/system/startup_cm4.S.obj
 .debug_abbrev  0x00001e1a      0x1e0 CMakeFiles/app.elf.dir/platform/system/system_cm4.c.obj
 .debug_abbrev  0x00001ffa      0x559 CMakeFiles/app.elf.dir/lora/driver/rtc-board.c.obj
 .debug_abbrev  0x00002553      0x4da CMakeFiles/app.elf.dir/lora/driver/sx1262-board.c.obj
 .debug_abbrev  0x00002a2d      0x25e CMakeFiles/app.elf.dir/lora/driver/utilities.c.obj
 .debug_abbrev  0x00002c8b      0x57c CMakeFiles/app.elf.dir/lora/radio/sx126x/radio.c.obj
 .debug_abbrev  0x00003207      0x514 CMakeFiles/app.elf.dir/lora/radio/sx126x/sx126x.c.obj
 .debug_abbrev  0x0000371b      0x109 CMakeFiles/app.elf.dir/lora/system/delay.c.obj
 .debug_abbrev  0x00003824      0x5c4 CMakeFiles/app.elf.dir/lora/system/timer.c.obj

.debug_loc      0x00000000     0x708d
 .debug_loc     0x00000000      0x2e8 CMakeFiles/app.elf.dir/usr/src/App.c.obj
 .debug_loc     0x000002e8      0x10e CMakeFiles/app.elf.dir/usr/src/System_Initial.c.obj
 .debug_loc     0x000003f6       0x20 CMakeFiles/app.elf.dir/usr/src/main.c.obj
 .debug_loc     0x00000416      0x22f CMakeFiles/app.elf.dir/usr/src/sx126x_Init.c.obj
 .debug_loc     0x00000645      0x3bf CMakeFiles/app.elf.dir/drivers/peripheral/src/tremo_adc.c.obj
 .debug_loc     0x00000a04      0x1d7 CMakeFiles/app.elf.dir/drivers/peripheral/src/tremo_delay.c.obj
 .debug_loc     0x00000bdb      0x860 CMakeFiles/app.elf.dir/drivers/peripheral/src/tremo_gpio.c.obj
 .debug_loc     0x0000143b      0x193 CMakeFiles/app.elf.dir/drivers/peripheral/src/tremo_iwdg.c.obj
 .debug_loc     0x000015ce      0x15f CMakeFiles/app.elf.dir/drivers/peripheral/src/tremo_pwr.c.obj
 .debug_loc     0x0000172d      0x777 CMakeFiles/app.elf.dir/drivers/peripheral/src/tremo_rcc.c.obj
 .debug_loc     0x00001ea4      0xedf CMakeFiles/app.elf.dir/drivers/peripheral/src/tremo_rtc.c.obj
 .debug_loc     0x00002d83       0xc3 CMakeFiles/app.elf.dir/platform/system/system_cm4.c.obj
 .debug_loc     0x00002e46      0x7f5 CMakeFiles/app.elf.dir/lora/driver/rtc-board.c.obj
 .debug_loc     0x0000363b      0x84b CMakeFiles/app.elf.dir/lora/driver/sx1262-board.c.obj
 .debug_loc     0x00003e86      0x234 CMakeFiles/app.elf.dir/lora/driver/utilities.c.obj
 .debug_loc     0x000040ba     0x1683 CMakeFiles/app.elf.dir/lora/radio/sx126x/radio.c.obj
 .debug_loc     0x0000573d     0x11da CMakeFiles/app.elf.dir/lora/radio/sx126x/sx126x.c.obj
 .debug_loc     0x00006917       0xb2 CMakeFiles/app.elf.dir/lora/system/delay.c.obj
 .debug_loc     0x000069c9      0x6c4 CMakeFiles/app.elf.dir/lora/system/timer.c.obj

.debug_aranges  0x00000000      0xb88
 .debug_aranges
                0x00000000       0x28 CMakeFiles/app.elf.dir/usr/src/App.c.obj
 .debug_aranges
                0x00000028       0x40 CMakeFiles/app.elf.dir/usr/src/System_Initial.c.obj
 .debug_aranges
                0x00000068       0x20 CMakeFiles/app.elf.dir/usr/src/main.c.obj
 .debug_aranges
                0x00000088       0x50 CMakeFiles/app.elf.dir/usr/src/sx126x_Init.c.obj
 .debug_aranges
                0x000000d8       0x58 CMakeFiles/app.elf.dir/usr/src/tremo_it.c.obj
 .debug_aranges
                0x00000130       0xb8 CMakeFiles/app.elf.dir/drivers/peripheral/src/tremo_adc.c.obj
 .debug_aranges
                0x000001e8       0x30 CMakeFiles/app.elf.dir/drivers/peripheral/src/tremo_delay.c.obj
 .debug_aranges
                0x00000218       0x78 CMakeFiles/app.elf.dir/drivers/peripheral/src/tremo_gpio.c.obj
 .debug_aranges
                0x00000290       0x70 CMakeFiles/app.elf.dir/drivers/peripheral/src/tremo_iwdg.c.obj
 .debug_aranges
                0x00000300       0x58 CMakeFiles/app.elf.dir/drivers/peripheral/src/tremo_pwr.c.obj
 .debug_aranges
                0x00000358      0x178 CMakeFiles/app.elf.dir/drivers/peripheral/src/tremo_rcc.c.obj
 .debug_aranges
                0x000004d0      0x120 CMakeFiles/app.elf.dir/drivers/peripheral/src/tremo_rtc.c.obj
 .debug_aranges
                0x000005f0       0x28 CMakeFiles/app.elf.dir/platform/system/startup_cm4.S.obj
 .debug_aranges
                0x00000618       0x28 CMakeFiles/app.elf.dir/platform/system/system_cm4.c.obj
 .debug_aranges
                0x00000640       0x88 CMakeFiles/app.elf.dir/lora/driver/rtc-board.c.obj
 .debug_aranges
                0x000006c8       0xd0 CMakeFiles/app.elf.dir/lora/driver/sx1262-board.c.obj
 .debug_aranges
                0x00000798       0x50 CMakeFiles/app.elf.dir/lora/driver/utilities.c.obj
 .debug_aranges
                0x000007e8      0x140 CMakeFiles/app.elf.dir/lora/radio/sx126x/radio.c.obj
 .debug_aranges
                0x00000928      0x198 CMakeFiles/app.elf.dir/lora/radio/sx126x/sx126x.c.obj
 .debug_aranges
                0x00000ac0       0x28 CMakeFiles/app.elf.dir/lora/system/delay.c.obj
 .debug_aranges
                0x00000ae8       0xa0 CMakeFiles/app.elf.dir/lora/system/timer.c.obj

.debug_ranges   0x00000000      0xea0
 .debug_ranges  0x00000000       0x40 CMakeFiles/app.elf.dir/usr/src/App.c.obj
 .debug_ranges  0x00000040       0x30 CMakeFiles/app.elf.dir/usr/src/System_Initial.c.obj
 .debug_ranges  0x00000070       0x10 CMakeFiles/app.elf.dir/usr/src/main.c.obj
 .debug_ranges  0x00000080       0x40 CMakeFiles/app.elf.dir/usr/src/sx126x_Init.c.obj
 .debug_ranges  0x000000c0       0x48 CMakeFiles/app.elf.dir/usr/src/tremo_it.c.obj
 .debug_ranges  0x00000108       0xa8 CMakeFiles/app.elf.dir/drivers/peripheral/src/tremo_adc.c.obj
 .debug_ranges  0x000001b0       0x58 CMakeFiles/app.elf.dir/drivers/peripheral/src/tremo_delay.c.obj
 .debug_ranges  0x00000208       0x68 CMakeFiles/app.elf.dir/drivers/peripheral/src/tremo_gpio.c.obj
 .debug_ranges  0x00000270       0x60 CMakeFiles/app.elf.dir/drivers/peripheral/src/tremo_iwdg.c.obj
 .debug_ranges  0x000002d0       0x60 CMakeFiles/app.elf.dir/drivers/peripheral/src/tremo_pwr.c.obj
 .debug_ranges  0x00000330      0x180 CMakeFiles/app.elf.dir/drivers/peripheral/src/tremo_rcc.c.obj
 .debug_ranges  0x000004b0      0x140 CMakeFiles/app.elf.dir/drivers/peripheral/src/tremo_rtc.c.obj
 .debug_ranges  0x000005f0       0x20 CMakeFiles/app.elf.dir/platform/system/startup_cm4.S.obj
 .debug_ranges  0x00000610       0x70 CMakeFiles/app.elf.dir/platform/system/system_cm4.c.obj
 .debug_ranges  0x00000680      0x1a8 CMakeFiles/app.elf.dir/lora/driver/rtc-board.c.obj
 .debug_ranges  0x00000828      0x188 CMakeFiles/app.elf.dir/lora/driver/sx1262-board.c.obj
 .debug_ranges  0x000009b0       0x40 CMakeFiles/app.elf.dir/lora/driver/utilities.c.obj
 .debug_ranges  0x000009f0      0x1a8 CMakeFiles/app.elf.dir/lora/radio/sx126x/radio.c.obj
 .debug_ranges  0x00000b98      0x1e8 CMakeFiles/app.elf.dir/lora/radio/sx126x/sx126x.c.obj
 .debug_ranges  0x00000d80       0x30 CMakeFiles/app.elf.dir/lora/system/delay.c.obj
 .debug_ranges  0x00000db0       0xf0 CMakeFiles/app.elf.dir/lora/system/timer.c.obj

.debug_line     0x00000000     0x9d4f
 .debug_line    0x00000000      0x63a CMakeFiles/app.elf.dir/usr/src/App.c.obj
 .debug_line    0x0000063a      0x582 CMakeFiles/app.elf.dir/usr/src/System_Initial.c.obj
 .debug_line    0x00000bbc      0x5ff CMakeFiles/app.elf.dir/usr/src/main.c.obj
 .debug_line    0x000011bb      0x545 CMakeFiles/app.elf.dir/usr/src/sx126x_Init.c.obj
 .debug_line    0x00001700      0x1aa CMakeFiles/app.elf.dir/usr/src/tremo_it.c.obj
 .debug_line    0x000018aa      0x698 CMakeFiles/app.elf.dir/drivers/peripheral/src/tremo_adc.c.obj
 .debug_line    0x00001f42      0x3b9 CMakeFiles/app.elf.dir/drivers/peripheral/src/tremo_delay.c.obj
 .debug_line    0x000022fb      0x7cb CMakeFiles/app.elf.dir/drivers/peripheral/src/tremo_gpio.c.obj
 .debug_line    0x00002ac6      0x4e4 CMakeFiles/app.elf.dir/drivers/peripheral/src/tremo_iwdg.c.obj
 .debug_line    0x00002faa      0x50f CMakeFiles/app.elf.dir/drivers/peripheral/src/tremo_pwr.c.obj
 .debug_line    0x000034b9     0x128f CMakeFiles/app.elf.dir/drivers/peripheral/src/tremo_rcc.c.obj
 .debug_line    0x00004748      0xf2a CMakeFiles/app.elf.dir/drivers/peripheral/src/tremo_rtc.c.obj
 .debug_line    0x00005672       0xb6 CMakeFiles/app.elf.dir/platform/system/startup_cm4.S.obj
 .debug_line    0x00005728      0x363 CMakeFiles/app.elf.dir/platform/system/system_cm4.c.obj
 .debug_line    0x00005a8b      0x906 CMakeFiles/app.elf.dir/lora/driver/rtc-board.c.obj
 .debug_line    0x00006391      0xabb CMakeFiles/app.elf.dir/lora/driver/sx1262-board.c.obj
 .debug_line    0x00006e4c      0x39a CMakeFiles/app.elf.dir/lora/driver/utilities.c.obj
 .debug_line    0x000071e6     0x1063 CMakeFiles/app.elf.dir/lora/radio/sx126x/radio.c.obj
 .debug_line    0x00008249      0xfb0 CMakeFiles/app.elf.dir/lora/radio/sx126x/sx126x.c.obj
 .debug_line    0x000091f9      0x25c CMakeFiles/app.elf.dir/lora/system/delay.c.obj
 .debug_line    0x00009455      0x8fa CMakeFiles/app.elf.dir/lora/system/timer.c.obj

.debug_str      0x00000000     0x5fc6
 .debug_str     0x00000000      0x78c CMakeFiles/app.elf.dir/usr/src/App.c.obj
                                0x82d (size before relaxing)
 .debug_str     0x0000078c      0xa1d CMakeFiles/app.elf.dir/usr/src/System_Initial.c.obj
                               0x1259 (size before relaxing)
 .debug_str     0x000011a9       0xcc CMakeFiles/app.elf.dir/usr/src/main.c.obj
                                0x9d3 (size before relaxing)
 .debug_str     0x00001275      0x124 CMakeFiles/app.elf.dir/usr/src/sx126x_Init.c.obj
                                0x9cb (size before relaxing)
 .debug_str     0x00001399      0x11a CMakeFiles/app.elf.dir/usr/src/tremo_it.c.obj
                                0x28a (size before relaxing)
 .debug_str     0x000014b3      0x8bc CMakeFiles/app.elf.dir/drivers/peripheral/src/tremo_adc.c.obj
                                0xcab (size before relaxing)
 .debug_str     0x00001d6f      0x3c7 CMakeFiles/app.elf.dir/drivers/peripheral/src/tremo_delay.c.obj
                                0x653 (size before relaxing)
 .debug_str     0x00002136      0x264 CMakeFiles/app.elf.dir/drivers/peripheral/src/tremo_gpio.c.obj
                                0x939 (size before relaxing)
 .debug_str     0x0000239a      0x125 CMakeFiles/app.elf.dir/drivers/peripheral/src/tremo_iwdg.c.obj
                                0x79f (size before relaxing)
 .debug_str     0x000024bf      0x1db CMakeFiles/app.elf.dir/drivers/peripheral/src/tremo_pwr.c.obj
                                0x710 (size before relaxing)
 .debug_str     0x0000269a      0xe51 CMakeFiles/app.elf.dir/drivers/peripheral/src/tremo_rcc.c.obj
                               0x15aa (size before relaxing)
 .debug_str     0x000034eb      0x882 CMakeFiles/app.elf.dir/drivers/peripheral/src/tremo_rtc.c.obj
                               0x1318 (size before relaxing)
 .debug_str     0x00003d6d       0x69 CMakeFiles/app.elf.dir/platform/system/startup_cm4.S.obj
                                 0xac (size before relaxing)
 .debug_str     0x00003dd6       0x70 CMakeFiles/app.elf.dir/platform/system/system_cm4.c.obj
                                0x6a2 (size before relaxing)
 .debug_str     0x00003e46      0x349 CMakeFiles/app.elf.dir/lora/driver/rtc-board.c.obj
                               0x14b7 (size before relaxing)
 .debug_str     0x0000418f      0xcd0 CMakeFiles/app.elf.dir/lora/driver/sx1262-board.c.obj
                               0x1d51 (size before relaxing)
 .debug_str     0x00004e5f       0x89 CMakeFiles/app.elf.dir/lora/driver/utilities.c.obj
                                0x6df (size before relaxing)
 .debug_str     0x00004ee8      0x96f CMakeFiles/app.elf.dir/lora/radio/sx126x/radio.c.obj
                               0x1ad6 (size before relaxing)
 .debug_str     0x00005857      0x52a CMakeFiles/app.elf.dir/lora/radio/sx126x/sx126x.c.obj
                               0x1dbb (size before relaxing)
 .debug_str     0x00005d81       0x57 CMakeFiles/app.elf.dir/lora/system/delay.c.obj
                                0x295 (size before relaxing)
 .debug_str     0x00005dd8      0x1ee CMakeFiles/app.elf.dir/lora/system/timer.c.obj
                               0x1292 (size before relaxing)

.comment        0x00000000       0x4c
 .comment       0x00000000       0x4c CMakeFiles/app.elf.dir/usr/src/App.c.obj
                                 0x4d (size before relaxing)
 .comment       0x0000004c       0x4d CMakeFiles/app.elf.dir/usr/src/System_Initial.c.obj
 .comment       0x0000004c       0x4d CMakeFiles/app.elf.dir/usr/src/main.c.obj
 .comment       0x0000004c       0x4d CMakeFiles/app.elf.dir/usr/src/sx126x_Init.c.obj
 .comment       0x0000004c       0x4d CMakeFiles/app.elf.dir/usr/src/tremo_it.c.obj
 .comment       0x0000004c       0x4d CMakeFiles/app.elf.dir/drivers/peripheral/src/tremo_adc.c.obj
 .comment       0x0000004c       0x4d CMakeFiles/app.elf.dir/drivers/peripheral/src/tremo_delay.c.obj
 .comment       0x0000004c       0x4d CMakeFiles/app.elf.dir/drivers/peripheral/src/tremo_gpio.c.obj
 .comment       0x0000004c       0x4d CMakeFiles/app.elf.dir/drivers/peripheral/src/tremo_iwdg.c.obj
 .comment       0x0000004c       0x4d CMakeFiles/app.elf.dir/drivers/peripheral/src/tremo_pwr.c.obj
 .comment       0x0000004c       0x4d CMakeFiles/app.elf.dir/drivers/peripheral/src/tremo_rcc.c.obj
 .comment       0x0000004c       0x4d CMakeFiles/app.elf.dir/drivers/peripheral/src/tremo_rtc.c.obj
 .comment       0x0000004c       0x4d CMakeFiles/app.elf.dir/platform/system/system_cm4.c.obj
 .comment       0x0000004c       0x4d CMakeFiles/app.elf.dir/lora/driver/rtc-board.c.obj
 .comment       0x0000004c       0x4d CMakeFiles/app.elf.dir/lora/driver/sx1262-board.c.obj
 .comment       0x0000004c       0x4d CMakeFiles/app.elf.dir/lora/driver/utilities.c.obj
 .comment       0x0000004c       0x4d CMakeFiles/app.elf.dir/lora/radio/sx126x/radio.c.obj
 .comment       0x0000004c       0x4d CMakeFiles/app.elf.dir/lora/radio/sx126x/sx126x.c.obj
 .comment       0x0000004c       0x4d CMakeFiles/app.elf.dir/lora/system/delay.c.obj
 .comment       0x0000004c       0x4d CMakeFiles/app.elf.dir/lora/system/timer.c.obj

.debug_frame    0x00000000     0x20a0
 .debug_frame   0x00000000       0x50 CMakeFiles/app.elf.dir/usr/src/App.c.obj
 .debug_frame   0x00000050       0x9c CMakeFiles/app.elf.dir/usr/src/System_Initial.c.obj
 .debug_frame   0x000000ec       0x28 CMakeFiles/app.elf.dir/usr/src/main.c.obj
 .debug_frame   0x00000114       0xe0 CMakeFiles/app.elf.dir/usr/src/sx126x_Init.c.obj
 .debug_frame   0x000001f4       0xc0 CMakeFiles/app.elf.dir/usr/src/tremo_it.c.obj
 .debug_frame   0x000002b4      0x178 CMakeFiles/app.elf.dir/drivers/peripheral/src/tremo_adc.c.obj
 .debug_frame   0x0000042c       0x54 CMakeFiles/app.elf.dir/drivers/peripheral/src/tremo_delay.c.obj
 .debug_frame   0x00000480      0x114 CMakeFiles/app.elf.dir/drivers/peripheral/src/tremo_gpio.c.obj
 .debug_frame   0x00000594      0x10c CMakeFiles/app.elf.dir/drivers/peripheral/src/tremo_iwdg.c.obj
 .debug_frame   0x000006a0       0xa8 CMakeFiles/app.elf.dir/drivers/peripheral/src/tremo_pwr.c.obj
 .debug_frame   0x00000748      0x2d8 CMakeFiles/app.elf.dir/drivers/peripheral/src/tremo_rcc.c.obj
 .debug_frame   0x00000a20      0x318 CMakeFiles/app.elf.dir/drivers/peripheral/src/tremo_rtc.c.obj
 .debug_frame   0x00000d38       0x3c CMakeFiles/app.elf.dir/platform/system/system_cm4.c.obj
 .debug_frame   0x00000d74      0x19c CMakeFiles/app.elf.dir/lora/driver/rtc-board.c.obj
 .debug_frame   0x00000f10      0x25c CMakeFiles/app.elf.dir/lora/driver/sx1262-board.c.obj
 .debug_frame   0x0000116c       0x8c CMakeFiles/app.elf.dir/lora/driver/utilities.c.obj
 .debug_frame   0x000011f8      0x3d8 CMakeFiles/app.elf.dir/lora/radio/sx126x/radio.c.obj
 .debug_frame   0x000015d0      0x4bc CMakeFiles/app.elf.dir/lora/radio/sx126x/sx126x.c.obj
 .debug_frame   0x00001a8c       0x30 CMakeFiles/app.elf.dir/lora/system/delay.c.obj
 .debug_frame   0x00001abc      0x1b8 CMakeFiles/app.elf.dir/lora/system/timer.c.obj
 .debug_frame   0x00001c74       0xac c:/users/wyx12/documents/environment/gcc-arm-none-eabi-9-2020-q2-update-win32/bin/../lib/gcc/arm-none-eabi/9.3.1/thumb/v7e-m/nofp\libgcc.a(_arm_addsubdf3.o)
 .debug_frame   0x00001d20       0x50 c:/users/wyx12/documents/environment/gcc-arm-none-eabi-9-2020-q2-update-win32/bin/../lib/gcc/arm-none-eabi/9.3.1/thumb/v7e-m/nofp\libgcc.a(_arm_muldivdf3.o)
 .debug_frame   0x00001d70       0xc4 c:/users/wyx12/documents/environment/gcc-arm-none-eabi-9-2020-q2-update-win32/bin/../lib/gcc/arm-none-eabi/9.3.1/thumb/v7e-m/nofp\libgcc.a(_arm_cmpdf2.o)
 .debug_frame   0x00001e34       0x24 c:/users/wyx12/documents/environment/gcc-arm-none-eabi-9-2020-q2-update-win32/bin/../lib/gcc/arm-none-eabi/9.3.1/thumb/v7e-m/nofp\libgcc.a(_arm_fixunsdfsi.o)
 .debug_frame   0x00001e58       0x24 c:/users/wyx12/documents/environment/gcc-arm-none-eabi-9-2020-q2-update-win32/bin/../lib/gcc/arm-none-eabi/9.3.1/thumb/v7e-m/nofp\libgcc.a(_arm_truncdfsf2.o)
 .debug_frame   0x00001e7c       0x2c c:/users/wyx12/documents/environment/gcc-arm-none-eabi-9-2020-q2-update-win32/bin/../lib/gcc/arm-none-eabi/9.3.1/thumb/v7e-m/nofp\libgcc.a(_fixunsdfdi.o)
 .debug_frame   0x00001ea8       0x2c c:/users/wyx12/documents/environment/gcc-arm-none-eabi-9-2020-q2-update-win32/bin/../lib/gcc/arm-none-eabi/9.3.1/../../../../arm-none-eabi/lib/thumb/v7e-m/nofp\libc.a(lib_a-init.o)
 .debug_frame   0x00001ed4       0x38 c:/users/wyx12/documents/environment/gcc-arm-none-eabi-9-2020-q2-update-win32/bin/../lib/gcc/arm-none-eabi/9.3.1/../../../../arm-none-eabi/lib/thumb/v7e-m/nofp\libc.a(lib_a-memset.o)
 .debug_frame   0x00001f0c       0x5c c:/users/wyx12/documents/environment/gcc-arm-none-eabi-9-2020-q2-update-win32/bin/../lib/gcc/arm-none-eabi/9.3.1/../../../../arm-none-eabi/lib/thumb/v7e-m/nofp\libc.a(lib_a-__call_atexit.o)
 .debug_frame   0x00001f68       0x20 c:/users/wyx12/documents/environment/gcc-arm-none-eabi-9-2020-q2-update-win32/bin/../lib/gcc/arm-none-eabi/9.3.1/../../../../arm-none-eabi/lib/thumb/v7e-m/nofp\libc.a(lib_a-atexit.o)
 .debug_frame   0x00001f88       0x34 c:/users/wyx12/documents/environment/gcc-arm-none-eabi-9-2020-q2-update-win32/bin/../lib/gcc/arm-none-eabi/9.3.1/../../../../arm-none-eabi/lib/thumb/v7e-m/nofp\libc.a(lib_a-fini.o)
 .debug_frame   0x00001fbc       0xb0 c:/users/wyx12/documents/environment/gcc-arm-none-eabi-9-2020-q2-update-win32/bin/../lib/gcc/arm-none-eabi/9.3.1/../../../../arm-none-eabi/lib/thumb/v7e-m/nofp\libc.a(lib_a-lock.o)
 .debug_frame   0x0000206c       0x34 c:/users/wyx12/documents/environment/gcc-arm-none-eabi-9-2020-q2-update-win32/bin/../lib/gcc/arm-none-eabi/9.3.1/../../../../arm-none-eabi/lib/thumb/v7e-m/nofp\libc.a(lib_a-__atexit.o)
