Archive member included to satisfy reference by file (symbol)

c:/users/wyx12/documents/environment/gcc-arm-none-eabi-9-2020-q2-update-win32/bin/../lib/gcc/arm-none-eabi/9.3.1/thumb/v7e-m/nofp\libgcc.a(_arm_muldf3.o)
                              ./objects/app.o (__aeabi_dmul)
c:/users/wyx12/documents/environment/gcc-arm-none-eabi-9-2020-q2-update-win32/bin/../lib/gcc/arm-none-eabi/9.3.1/thumb/v7e-m/nofp\libgcc.a(_arm_addsubdf3.o)
                              ./objects/app.o (__aeabi_dsub)
c:/users/wyx12/documents/environment/gcc-arm-none-eabi-9-2020-q2-update-win32/bin/../lib/gcc/arm-none-eabi/9.3.1/thumb/v7e-m/nofp\libgcc.a(_arm_muldivdf3.o)
                              ./objects/app.o (__aeabi_ddiv)
c:/users/wyx12/documents/environment/gcc-arm-none-eabi-9-2020-q2-update-win32/bin/../lib/gcc/arm-none-eabi/9.3.1/thumb/v7e-m/nofp\libgcc.a(_arm_cmpdf2.o)
                              ./objects/radio.o (__aeabi_dcmpge)
c:/users/wyx12/documents/environment/gcc-arm-none-eabi-9-2020-q2-update-win32/bin/../lib/gcc/arm-none-eabi/9.3.1/thumb/v7e-m/nofp\libgcc.a(_arm_fixunsdfsi.o)
                              ./objects/radio.o (__aeabi_d2uiz)
c:/users/wyx12/documents/environment/gcc-arm-none-eabi-9-2020-q2-update-win32/bin/../lib/gcc/arm-none-eabi/9.3.1/thumb/v7e-m/nofp\libgcc.a(_arm_truncdfsf2.o)
                              ./objects/app.o (__aeabi_d2f)
c:/users/wyx12/documents/environment/gcc-arm-none-eabi-9-2020-q2-update-win32/bin/../lib/gcc/arm-none-eabi/9.3.1/thumb/v7e-m/nofp\libgcc.a(_aeabi_uldivmod.o)
                              ./objects/timer.o (__aeabi_uldivmod)
c:/users/wyx12/documents/environment/gcc-arm-none-eabi-9-2020-q2-update-win32/bin/../lib/gcc/arm-none-eabi/9.3.1/thumb/v7e-m/nofp\libgcc.a(_fixunsdfdi.o)
                              ./objects/rtc-board.o (__aeabi_d2ulz)
c:/users/wyx12/documents/environment/gcc-arm-none-eabi-9-2020-q2-update-win32/bin/../lib/gcc/arm-none-eabi/9.3.1/thumb/v7e-m/nofp\libgcc.a(_udivmoddi4.o)
                              c:/users/wyx12/documents/environment/gcc-arm-none-eabi-9-2020-q2-update-win32/bin/../lib/gcc/arm-none-eabi/9.3.1/thumb/v7e-m/nofp\libgcc.a(_aeabi_uldivmod.o) (__udivmoddi4)
c:/users/wyx12/documents/environment/gcc-arm-none-eabi-9-2020-q2-update-win32/bin/../lib/gcc/arm-none-eabi/9.3.1/thumb/v7e-m/nofp\libgcc.a(_dvmd_tls.o)
                              c:/users/wyx12/documents/environment/gcc-arm-none-eabi-9-2020-q2-update-win32/bin/../lib/gcc/arm-none-eabi/9.3.1/thumb/v7e-m/nofp\libgcc.a(_aeabi_uldivmod.o) (__aeabi_ldiv0)
c:/users/wyx12/documents/environment/gcc-arm-none-eabi-9-2020-q2-update-win32/bin/../lib/gcc/arm-none-eabi/9.3.1/../../../../arm-none-eabi/lib/thumb/v7e-m/nofp\libc.a(lib_a-exit.o)
                              c:/users/wyx12/documents/environment/gcc-arm-none-eabi-9-2020-q2-update-win32/bin/../lib/gcc/arm-none-eabi/9.3.1/../../../../arm-none-eabi/lib/thumb/v7e-m/nofp/crt0.o (exit)
c:/users/wyx12/documents/environment/gcc-arm-none-eabi-9-2020-q2-update-win32/bin/../lib/gcc/arm-none-eabi/9.3.1/../../../../arm-none-eabi/lib/thumb/v7e-m/nofp\libc.a(lib_a-impure.o)
                              c:/users/wyx12/documents/environment/gcc-arm-none-eabi-9-2020-q2-update-win32/bin/../lib/gcc/arm-none-eabi/9.3.1/../../../../arm-none-eabi/lib/thumb/v7e-m/nofp\libc.a(lib_a-exit.o) (_global_impure_ptr)
c:/users/wyx12/documents/environment/gcc-arm-none-eabi-9-2020-q2-update-win32/bin/../lib/gcc/arm-none-eabi/9.3.1/../../../../arm-none-eabi/lib/thumb/v7e-m/nofp\libc.a(lib_a-init.o)
                              c:/users/wyx12/documents/environment/gcc-arm-none-eabi-9-2020-q2-update-win32/bin/../lib/gcc/arm-none-eabi/9.3.1/../../../../arm-none-eabi/lib/thumb/v7e-m/nofp/crt0.o (__libc_init_array)
c:/users/wyx12/documents/environment/gcc-arm-none-eabi-9-2020-q2-update-win32/bin/../lib/gcc/arm-none-eabi/9.3.1/../../../../arm-none-eabi/lib/thumb/v7e-m/nofp\libc.a(lib_a-memcpy.o)
                              ./objects/sx126x_init.o (memcpy)
c:/users/wyx12/documents/environment/gcc-arm-none-eabi-9-2020-q2-update-win32/bin/../lib/gcc/arm-none-eabi/9.3.1/../../../../arm-none-eabi/lib/thumb/v7e-m/nofp\libc.a(lib_a-memset.o)
                              c:/users/wyx12/documents/environment/gcc-arm-none-eabi-9-2020-q2-update-win32/bin/../lib/gcc/arm-none-eabi/9.3.1/../../../../arm-none-eabi/lib/thumb/v7e-m/nofp/crt0.o (memset)
c:/users/wyx12/documents/environment/gcc-arm-none-eabi-9-2020-q2-update-win32/bin/../lib/gcc/arm-none-eabi/9.3.1/../../../../arm-none-eabi/lib/thumb/v7e-m/nofp\libc.a(lib_a-__call_atexit.o)
                              c:/users/wyx12/documents/environment/gcc-arm-none-eabi-9-2020-q2-update-win32/bin/../lib/gcc/arm-none-eabi/9.3.1/../../../../arm-none-eabi/lib/thumb/v7e-m/nofp\libc.a(lib_a-exit.o) (__call_exitprocs)
c:/users/wyx12/documents/environment/gcc-arm-none-eabi-9-2020-q2-update-win32/bin/../lib/gcc/arm-none-eabi/9.3.1/../../../../arm-none-eabi/lib/thumb/v7e-m/nofp\libc.a(lib_a-atexit.o)
[...]
Memory Configuration

Name             Origin             Length             Attributes
FLASH            0x08000000         0x00020000         xr
RAM              0x20000000         0x00004000         xrw
*default*        0x00000000         0xffffffff

Linker script and memory map

LOAD c:/users/wyx12/documents/environment/gcc-arm-none-eabi-9-2020-q2-update-win32/bin/../lib/gcc/arm-none-eabi/9.3.1/thumb/v7e-m/nofp/crti.o
LOAD c:/users/wyx12/documents/environment/gcc-arm-none-eabi-9-2020-q2-update-win32/bin/../lib/gcc/arm-none-eabi/9.3.1/thumb/v7e-m/nofp/crtbegin.o
LOAD c:/users/wyx12/documents/environment/gcc-arm-none-eabi-9-2020-q2-update-win32/bin/../lib/gcc/arm-none-eabi/9.3.1/../../../../arm-none-eabi/lib/thumb/v7e-m/nofp/crt0.o
LOAD ./objects/system_cm4.o
LOAD ./objects/startup_cm4.o
LOAD ./objects/tremo_adc.o
LOAD ./objects/tremo_bstimer.o
LOAD ./objects/tremo_crc.o
LOAD ./objects/tremo_dac.o
LOAD ./objects/tremo_delay.o
LOAD ./objects/tremo_dma.o
LOAD ./objects/tremo_flash.o
LOAD ./objects/tremo_gpio.o
LOAD ./objects/tremo_i2c.o
LOAD ./objects/tremo_i2s.o
LOAD ./objects/tremo_iwdg.o
LOAD ./objects/tremo_lcd.o
LOAD ./objects/tremo_lptimer.o
LOAD ./objects/tremo_lpuart.o
LOAD ./objects/tremo_pwr.o
LOAD ./objects/tremo_rcc.o
LOAD ./objects/tremo_rtc.o
LOAD ./objects/tremo_spi.o
LOAD ./objects/tremo_system.o
LOAD ./objects/tremo_timer.o
LOAD ./objects/tremo_uart.o
LOAD ./objects/tremo_wdg.o
LOAD ./objects/app.o
LOAD ./objects/main.o
LOAD ./objects/sx126x_init.o
LOAD ./objects/tremo_it.o
LOAD ./objects/system_initial.o
LOAD ./objects/radio.o
LOAD ./objects/sx126x.o
LOAD ./objects/rtc-board.o
LOAD ./objects/sx1262-board.o
LOAD ./objects/utilities.o
LOAD ./objects/delay.o
LOAD ./objects/timer.o
START GROUP
LOAD c:/users/wyx12/documents/environment/gcc-arm-none-eabi-9-2020-q2-update-win32/bin/../lib/gcc/arm-none-eabi/9.3.1/thumb/v7e-m/nofp\libgcc.a
LOAD c:/users/wyx12/documents/environment/gcc-arm-none-eabi-9-2020-q2-update-win32/bin/../lib/gcc/arm-none-eabi/9.3.1/../../../../arm-none-eabi/lib/thumb/v7e-m/nofp\libc.a
END GROUP
LOAD c:/users/wyx12/documents/environment/gcc-arm-none-eabi-9-2020-q2-update-win32/bin/../lib/gcc/arm-none-eabi/9.3.1/thumb/v7e-m/nofp/crtend.o
LOAD c:/users/wyx12/documents/environment/gcc-arm-none-eabi-9-2020-q2-update-win32/bin/../lib/gcc/arm-none-eabi/9.3.1/thumb/v7e-m/nofp/crtn.o
                0x20004000                _estack = 0x20004000
                0x00000000                _HEAP_SIZE = 0x0
                0x00001000                _STACK_SIZE = 0x1000

.isr_vector     0x08000000       0xd4
                0x08000000                . = ALIGN (0x4)
 *(.isr_vector)
 .isr_vector    0x08000000       0xd4 ./objects/startup_cm4.o
                0x08000000                g_pfnVectors
                0x080000d4                . = ALIGN (0x4)

.text           0x080000d8     0x4748
                0x080000d8                . = ALIGN (0x4)
 *(.text)
 .text          0x080000d8       0x40 c:/users/wyx12/documents/environment/gcc-arm-none-eabi-9-2020-q2-update-win32/bin/../lib/gcc/arm-none-eabi/9.3.1/thumb/v7e-m/nofp/crtbegin.o
 .text          0x08000118      0x378 c:/users/wyx12/documents/environment/gcc-arm-none-eabi-9-2020-q2-update-win32/bin/../lib/gcc/arm-none-eabi/9.3.1/thumb/v7e-m/nofp\libgcc.a(_arm_addsubdf3.o)
                0x08000118                __aeabi_drsub
                0x08000120                __aeabi_dsub
                0x08000120                __subdf3
                0x08000124                __aeabi_dadd
                0x08000124                __adddf3
                0x0800039c                __floatunsidf
                0x0800039c                __aeabi_ui2d
                0x080003bc                __floatsidf
                0x080003bc                __aeabi_i2d
                0x080003e0                __aeabi_f2d
                0x080003e0                __extendsfdf2
                0x08000424                __floatundidf
                0x08000424                __aeabi_ul2d
                0x08000434                __floatdidf
                0x08000434                __aeabi_l2d
 .text          0x08000490      0x424 c:/users/wyx12/documents/environment/gcc-arm-none-eabi-9-2020-q2-update-win32/bin/../lib/gcc/arm-none-eabi/9.3.1/thumb/v7e-m/nofp\libgcc.a(_arm_muldivdf3.o)
                0x08000490                __aeabi_dmul
                0x08000490                __muldf3
                0x080006e4                __divdf3
                0x080006e4                __aeabi_ddiv
 .text          0x080008b4      0x110 c:/users/wyx12/documents/environment/gcc-arm-none-eabi-9-2020-q2-update-win32/bin/../lib/gcc/arm-none-eabi/9.3.1/thumb/v7e-m/nofp\libgcc.a(_arm_cmpdf2.o)
                0x080008b4                __gtdf2
                0x080008b4                __gedf2
                0x080008bc                __ltdf2
                0x080008bc                __ledf2
                0x080008c4                __nedf2
                0x080008c4                __eqdf2
                0x080008c4                __cmpdf2
                0x08000940                __aeabi_cdrcmple
                0x08000950                __aeabi_cdcmpeq
                0x08000950                __aeabi_cdcmple
                0x08000960                __aeabi_dcmpeq
                0x08000974                __aeabi_dcmplt
                0x08000988                __aeabi_dcmple
                0x0800099c                __aeabi_dcmpge
                0x080009b0                __aeabi_dcmpgt
 .text          0x080009c4       0x40 c:/users/wyx12/documents/environment/gcc-arm-none-eabi-9-2020-q2-update-win32/bin/../lib/gcc/arm-none-eabi/9.3.1/thumb/v7e-m/nofp\libgcc.a(_arm_fixunsdfsi.o)
                0x080009c4                __aeabi_d2uiz
                0x080009c4                __fixunsdfsi
 .text          0x08000a04       0xa0 c:/users/wyx12/documents/environment/gcc-arm-none-eabi-9-2020-q2-update-win32/bin/../lib/gcc/arm-none-eabi/9.3.1/thumb/v7e-m/nofp\libgcc.a(_arm_truncdfsf2.o)
                0x08000a04                __truncdfsf2
                0x08000a04                __aeabi_d2f
 .text          0x08000aa4       0x3c c:/users/wyx12/documents/environment/gcc-arm-none-eabi-9-2020-q2-update-win32/bin/../lib/gcc/arm-none-eabi/9.3.1/thumb/v7e-m/nofp\libgcc.a(_fixunsdfdi.o)
                0x08000aa4                __fixunsdfdi
                0x08000aa4                __aeabi_d2ulz
 .text          0x08000ae0      0x134 c:/users/wyx12/documents/environment/gcc-arm-none-eabi-9-2020-q2-update-win32/bin/../lib/gcc/arm-none-eabi/9.3.1/../../../../arm-none-eabi/lib/thumb/v7e-m/nofp\libc.a(lib_a-memcpy.o)
                0x08000ae0                memcpy
 .text          0x08000c14       0x2c c:/users/wyx12/documents/environment/gcc-arm-none-eabi-9-2020-q2-update-win32/bin/../lib/gcc/arm-none-eabi/9.3.1/thumb/v7e-m/nofp\libgcc.a(_arm_unorddf2.o)
                0x08000c14                __unorddf2
                0x08000c14                __aeabi_dcmpun
 *(.text*)
 .text.nvic_init
                0x08000c40       0x24 ./objects/system_cm4.o
                0x08000c40                nvic_init
 .text.system_init
                0x08000c64       0x44 ./objects/system_cm4.o
                0x08000c64                system_init
 .text.Reset_Handler
                0x08000ca8       0x48 ./objects/startup_cm4.o
                0x08000ca8                Reset_Handler
 .text.Default_Handler
                0x08000cf0        0x2 ./objects/startup_cm4.o
                0x08000cf0                GPIO_IRQHandler
                0x08000cf0                SCC_IRQHandler
                0x08000cf0                TIMER2_IRQHandler
                0x08000cf0                EFC_IRQHandler
                0x08000cf0                I2C0_IRQHandler
                0x08000cf0                SAC_IRQHandler
                0x08000cf0                I2C1_IRQHandler
                0x08000cf0                UART1_IRQHandler
                0x08000cf0                BSTIMER0_IRQHandler
                0x08000cf0                TIMER3_IRQHandler
                0x08000cf0                UART0_IRQHandler
                0x08000cf0                SEC_IRQHandler
                0x08000cf0                WDG_IRQHandler
                0x08000cf0                LPTIMER1_IRQHandler
                0x08000cf0                LPTIMER0_IRQHandler
                0x08000cf0                SSP0_IRQHandler
                0x08000cf0                I2S_IRQHandler
                0x08000cf0                I2C2_IRQHandler
                0x08000cf0                TIMER0_IRQHandler
                0x08000cf0                LCD_IRQHandler
                0x08000cf0                LPUART_IRQHandler
                0x08000cf0                TIMER1_IRQHandler
                0x08000cf0                UART2_IRQHandler
                0x08000cf0                Default_Handler
                0x08000cf0                ADC_IRQHandler
                0x08000cf0                SSP1_IRQHandler
                0x08000cf0                DMA0_IRQHandler
                0x08000cf0                IWDG_IRQHandler
                0x08000cf0                SSP2_IRQHandler
                0x08000cf0                BSTIMER1_IRQHandler
                0x08000cf0                DAC_IRQHandler
                0x08000cf0                AFEC_IRQHandler
                0x08000cf0                UART3_IRQHandler
                0x08000cf0                QSPI_IRQHandler
                0x08000cf0                DMA1_IRQHandler
 *fill*         0x08000cf2        0x2 
 .text.read_write_adc_afec
                0x08000cf4       0x34 ./objects/tremo_adc.o
                0x08000cf4                read_write_adc_afec
 .text.adc_init
                0x08000d28       0x18 ./objects/tremo_adc.o
                0x08000d28                adc_init
 .text.adc_start
                0x08000d40       0x2c ./objects/tremo_adc.o
                0x08000d40                adc_start
 .text.adc_enable
                0x08000d6c       0x28 ./objects/tremo_adc.o
                0x08000d6c                adc_enable
 .text.adc_config_clock_division
                0x08000d94       0x20 ./objects/tremo_adc.o
                0x08000d94                adc_config_clock_division
 .text.adc_config_conv_mode
                0x08000db4       0x18 ./objects/tremo_adc.o
                0x08000db4                adc_config_conv_mode
 .text.adc_config_sample_sequence
                0x08000dcc       0x2c ./objects/tremo_adc.o
                0x08000dcc                adc_config_sample_sequence
 .text.adc_get_interrupt_status
                0x08000df8       0x14 ./objects/tremo_adc.o
                0x08000df8                adc_get_interrupt_status
 .text.adc_get_data
                0x08000e0c       0x10 ./objects/tremo_adc.o
                0x08000e0c                adc_get_data
 .text.adc_get_calibration_value
                0x08000e1c       0x78 ./objects/tremo_adc.o
                0x08000e1c                adc_get_calibration_value
 .text.delay_init
                0x08000e94       0x48 ./objects/tremo_delay.o
                0x08000e94                delay_init
 .text.delay_us
                0x08000edc       0x30 ./objects/tremo_delay.o
                0x08000edc                delay_us
 .text.delay_ms
                0x08000f0c        0xa ./objects/tremo_delay.o
                0x08000f0c                delay_ms
 *fill*         0x08000f16        0x2 
 .text.gpio_init
                0x08000f18      0x124 ./objects/tremo_gpio.o
                0x08000f18                gpio_init
 .text.gpio_write
                0x0800103c       0xb4 ./objects/tremo_gpio.o
                0x0800103c                gpio_write
 .text.gpio_set_iomux
                0x080010f0       0x40 ./objects/tremo_gpio.o
                0x080010f0                gpio_set_iomux
 .text.check_iwdg_sr_done
                0x08001130       0x14 ./objects/tremo_iwdg.o
 .text.iwdg_init
                0x08001144       0x4c ./objects/tremo_iwdg.o
                0x08001144                iwdg_init
 .text.iwdg_set_prescaler
                0x08001190       0x18 ./objects/tremo_iwdg.o
                0x08001190                iwdg_set_prescaler
 .text.iwdg_set_reload
                0x080011a8       0x1c ./objects/tremo_iwdg.o
                0x080011a8                iwdg_set_reload
 .text.iwdg_reload
                0x080011c4       0x20 ./objects/tremo_iwdg.o
                0x080011c4                iwdg_reload
 .text.iwdg_start
                0x080011e4       0x1c ./objects/tremo_iwdg.o
                0x080011e4                iwdg_start
 .text.deepsleep
                0x08001200       0xc0 ./objects/tremo_pwr.o
                0x08001200                deepsleep
 .text.pwr_deepsleep_wfi
                0x080012c0        0x6 ./objects/tremo_pwr.o
                0x080012c0                pwr_deepsleep_wfi
 *fill*         0x080012c6        0x2 
 .text.rcc_get_clk_freq
                0x080012c8       0x9c ./objects/tremo_rcc.o
                0x080012c8                rcc_get_clk_freq
 .text.rcc_set_adc_clk_source
                0x08001364       0x28 ./objects/tremo_rcc.o
                0x08001364                rcc_set_adc_clk_source
 .text.rcc_get_rtc_clk_source
                0x0800138c        0xc ./objects/tremo_rcc.o
                0x0800138c                rcc_get_rtc_clk_source
 .text.rcc_enable_peripheral_clk
                0x08001398      0x4b4 ./objects/tremo_rcc.o
                0x08001398                rcc_enable_peripheral_clk
 .text.rcc_enable_oscillator
                0x0800184c       0xfc ./objects/tremo_rcc.o
                0x0800184c                rcc_enable_oscillator
 .text.rcc_rst_peripheral
                0x08001948       0x4a ./objects/tremo_rcc.o
                0x08001948                rcc_rst_peripheral
 *fill*         0x08001992        0x2 
 .text.rtc_check_syn
                0x08001994       0x14 ./objects/tremo_rtc.o
                0x08001994                rtc_check_syn
 .text.rtc_calendar_cmd
                0x080019a8       0x20 ./objects/tremo_rtc.o
                0x080019a8                rtc_calendar_cmd
 .text.rtc_alarm_cmd
                0x080019c8       0x3c ./objects/tremo_rtc.o
                0x080019c8                rtc_alarm_cmd
 .text.rtc_config_alarm_wakeup
                0x08001a04       0x30 ./objects/tremo_rtc.o
                0x08001a04                rtc_config_alarm_wakeup
 .text.rtc_cyc_cmd
                0x08001a34       0x20 ./objects/tremo_rtc.o
                0x08001a34                rtc_cyc_cmd
 .text.rtc_config_cyc_wakeup
                0x08001a54       0x24 ./objects/tremo_rtc.o
                0x08001a54                rtc_config_cyc_wakeup
 .text.rtc_set_calendar
                0x08001a78       0xc4 ./objects/tremo_rtc.o
                0x08001a78                rtc_set_calendar
 .text.rtc_get_calendar
                0x08001b3c       0xdc ./objects/tremo_rtc.o
                0x08001b3c                rtc_get_calendar
 .text.rtc_set_status
                0x08001c18       0x30 ./objects/tremo_rtc.o
                0x08001c18                rtc_set_status
 .text.rtc_get_status
                0x08001c48       0x38 ./objects/tremo_rtc.o
                0x08001c48                rtc_get_status
 .text.rtc_config_interrupt
                0x08001c80       0x38 ./objects/tremo_rtc.o
                0x08001c80                rtc_config_interrupt
 .text.rtc_set_alarm
                0x08001cb8      0x1f4 ./objects/tremo_rtc.o
                0x08001cb8                rtc_set_alarm
 .text.rtc_config_cyc_max
                0x08001eac       0x14 ./objects/tremo_rtc.o
                0x08001eac                rtc_config_cyc_max
 .text.Get_NTC_Temp
                0x08001ec0      0x1f8 ./objects/app.o
                0x08001ec0                Get_NTC_Temp
 .text.Protocol_Crc16
                0x080020b8       0x30 ./objects/app.o
                0x080020b8                Protocol_Crc16
 .text.startup.main
                0x080020e8      0x100 ./objects/main.o
                0x080020e8                main
 .text.OnTxDone
                0x080021e8       0x18 ./objects/sx126x_init.o
                0x080021e8                OnTxDone
 .text.OnTxTimeout
                0x08002200       0x18 ./objects/sx126x_init.o
                0x08002200                OnTxTimeout
 .text.OnRxTimeout
                0x08002218       0x18 ./objects/sx126x_init.o
                0x08002218                OnRxTimeout
 .text.OnRxError
                0x08002230       0x18 ./objects/sx126x_init.o
                0x08002230                OnRxError
 .text.OnRxDone
                0x08002248       0x3c ./objects/sx126x_init.o
                0x08002248                OnRxDone
 .text.LoRa_Init
                0x08002284       0xb8 ./objects/sx126x_init.o
                0x08002284                LoRa_Init
 .text.Radio_Send
                0x0800233c       0x34 ./objects/sx126x_init.o
                0x0800233c                Radio_Send
 .text.NMI_Handler
                0x08002370        0x2 ./objects/tremo_it.o
                0x08002370                NMI_Handler
 .text.HardFault_Handler
                0x08002372        0x2 ./objects/tremo_it.o
                0x08002372                HardFault_Handler
 .text.MemManage_Handler
                0x08002374        0x2 ./objects/tremo_it.o
                0x08002374                MemManage_Handler
 .text.BusFault_Handler
                0x08002376        0x2 ./objects/tremo_it.o
                0x08002376                BusFault_Handler
 .text.UsageFault_Handler
                0x08002378        0x2 ./objects/tremo_it.o
                0x08002378                UsageFault_Handler
 .text.SVC_Handler
                0x0800237a        0x2 ./objects/tremo_it.o
                0x0800237a                SVC_Handler
 .text.PendSV_Handler
                0x0800237c        0x2 ./objects/tremo_it.o
                0x0800237c                PendSV_Handler
 .text.SysTick_Handler
                0x0800237e        0x2 ./objects/tremo_it.o
                0x0800237e                SysTick_Handler
 .text.PWR_IRQHandler
                0x08002380        0x2 ./objects/tremo_it.o
                0x08002380                PWR_IRQHandler
 .text.LORA_IRQHandler
                0x08002382        0x4 ./objects/tremo_it.o
                0x08002382                LORA_IRQHandler
 .text.RTC_IRQHandler
                0x08002386        0x4 ./objects/tremo_it.o
                0x08002386                RTC_IRQHandler
 *fill*         0x0800238a        0x2 
 .text.Gpio_init
                0x0800238c       0x44 ./objects/system_initial.o
                0x0800238c                Gpio_init
 .text.iwdog_init
                0x080023d0       0x26 ./objects/system_initial.o
                0x080023d0                iwdog_init
 *fill*         0x080023f6        0x2 
 .text.Adc_init
                0x080023f8       0x4c ./objects/system_initial.o
                0x080023f8                Adc_init
 .text.board_init
                0x08002444       0x80 ./objects/system_initial.o
                0x08002444                board_init
 .text.RadioCheckRfFrequency
                0x080024c4        0x4 ./objects/radio.o
                0x080024c4                RadioCheckRfFrequency
 .text.RadioStandby
                0x080024c8        0x6 ./objects/radio.o
                0x080024c8                RadioStandby
 *fill*         0x080024ce        0x2 
 .text.RadioInit
                0x080024d0       0x3c ./objects/radio.o
                0x080024d0                RadioInit
 .text.RadioGetStatus
                0x0800250c       0x18 ./objects/radio.o
                0x0800250c                RadioGetStatus
 .text.RadioSetChannel
                0x08002524        0x4 ./objects/radio.o
                0x08002524                RadioSetChannel
 .text.RadioRssi
                0x08002528        0xa ./objects/radio.o
                0x08002528                RadioRssi
 .text.RadioRead
                0x08002532        0x4 ./objects/radio.o
                0x08002532                RadioRead
 .text.RadioWrite
                0x08002536        0x4 ./objects/radio.o
                0x08002536                RadioWrite
 *fill*         0x0800253a        0x2 
 .text.RadioSend
                0x0800253c       0x3c ./objects/radio.o
                0x0800253c                RadioSend
 .text.RadioSleep
                0x08002578       0x14 ./objects/radio.o
                0x08002578                RadioSleep
 .text.RadioSetRxDutyCycle
                0x0800258c        0x4 ./objects/radio.o
                0x0800258c                RadioSetRxDutyCycle
 .text.RadioStartCad
                0x08002590       0x6c ./objects/radio.o
                0x08002590                RadioStartCad
 .text.RadioSetTxContinuousWave
                0x080025fc       0x4c ./objects/radio.o
                0x080025fc                RadioSetTxContinuousWave
 .text.RadioWriteBuffer
                0x08002648        0x4 ./objects/radio.o
                0x08002648                RadioWriteBuffer
 .text.RadioReadBuffer
                0x0800264c        0x4 ./objects/radio.o
                0x0800264c                RadioReadBuffer
 .text.RadioGetWakeupTime
                0x08002650        0xa ./objects/radio.o
                0x08002650                RadioGetWakeupTime
 *fill*         0x0800265a        0x2 
 .text.RadioGetFskBandwidthRegValue
                0x0800265c       0x34 ./objects/radio.o
 .text.RadioSetMaxPayloadLength
                0x08002690       0x28 ./objects/radio.o
                0x08002690                RadioSetMaxPayloadLength
 .text.RadioRx  0x080026b8       0x44 ./objects/radio.o
                0x080026b8                RadioRx
 .text.RadioRxBoosted
                0x080026fc       0x40 ./objects/radio.o
                0x080026fc                RadioRxBoosted
 .text.RadioIrqProcess
                0x0800273c      0x138 ./objects/radio.o
                0x0800273c                RadioIrqProcess
 .text.RadioSetPublicNetwork
                0x08002874       0x3c ./objects/radio.o
                0x08002874                RadioSetPublicNetwork
 .text.RadioSetModem.part.0
                0x080028b0       0x24 ./objects/radio.o
 .text.RadioSetModem
                0x080028d4       0x20 ./objects/radio.o
                0x080028d4                RadioSetModem
 .text.RadioIsChannelFree
                0x080028f4       0x4e ./objects/radio.o
                0x080028f4                RadioIsChannelFree
 .text.RadioRandom
                0x08002942       0x3c ./objects/radio.o
                0x08002942                RadioRandom
 *fill*         0x0800297e        0x2 
 .text.RadioSymbTime
                0x08002980       0x2c ./objects/radio.o
                0x08002980                RadioSymbTime
 *fill*         0x080029ac        0x4 
 .text.RadioSetRxConfig
                0x080029b0      0x21c ./objects/radio.o
                0x080029b0                RadioSetRxConfig
 *fill*         0x08002bcc        0x4 
 .text.RadioSetTxConfig
                0x08002bd0      0x198 ./objects/radio.o
                0x08002bd0                RadioSetTxConfig
 .text.RadioTimeOnAir
                0x08002d68      0x190 ./objects/radio.o
                0x08002d68                RadioTimeOnAir
 .text.RadioOnDioIrq
                0x08002ef8       0x24 ./objects/radio.o
                0x08002ef8                RadioOnDioIrq
 .text.SX126xGetOperatingMode
                0x08002f1c        0xc ./objects/sx126x.o
                0x08002f1c                SX126xGetOperatingMode
 .text.SX126xSetOperatingMode
                0x08002f28        0xc ./objects/sx126x.o
                0x08002f28                SX126xSetOperatingMode
 .text.SX126xCheckDeviceReady
                0x08002f34       0x24 ./objects/sx126x.o
                0x08002f34                SX126xCheckDeviceReady
 .text.SX126xSetPayload
                0x08002f58        0xa ./objects/sx126x.o
                0x08002f58                SX126xSetPayload
 .text.SX126xSetSyncWord
                0x08002f62       0x12 ./objects/sx126x.o
                0x08002f62                SX126xSetSyncWord
 .text.SX126xSetCrcSeed
                0x08002f74       0x24 ./objects/sx126x.o
                0x08002f74                SX126xSetCrcSeed
 .text.SX126xSetCrcPolynomial
                0x08002f98       0x24 ./objects/sx126x.o
                0x08002f98                SX126xSetCrcPolynomial
 .text.SX126xSetWhiteningSeed
                0x08002fbc       0x38 ./objects/sx126x.o
                0x08002fbc                SX126xSetWhiteningSeed
 .text.SX126xSetSleep
                0x08002ff4       0x24 ./objects/sx126x.o
                0x08002ff4                SX126xSetSleep
 .text.SX126xSetStandby
                0x08003018       0x2c ./objects/sx126x.o
                0x08003018                SX126xSetStandby
 .text.SX126xSetTx
                0x08003044       0x2c ./objects/sx126x.o
                0x08003044                SX126xSetTx
 .text.SX126xSendPayload
                0x08003070       0x12 ./objects/sx126x.o
                0x08003070                SX126xSendPayload
 *fill*         0x08003082        0x2 
 .text.SX126xSetRx
                0x08003084       0x2c ./objects/sx126x.o
                0x08003084                SX126xSetRx
 .text.SX126xSetRxBoosted
                0x080030b0       0x38 ./objects/sx126x.o
                0x080030b0                SX126xSetRxBoosted
 .text.SX126xSetRxDutyCycle
                0x080030e8       0x38 ./objects/sx126x.o
                0x080030e8                SX126xSetRxDutyCycle
 .text.SX126xSetCad
                0x08003120       0x18 ./objects/sx126x.o
                0x08003120                SX126xSetCad
 .text.SX126xSetTxContinuousWave
                0x08003138        0xa ./objects/sx126x.o
                0x08003138                SX126xSetTxContinuousWave
 .text.SX126xSetStopRxTimerOnPreambleDetect
                0x08003142       0x18 ./objects/sx126x.o
                0x08003142                SX126xSetStopRxTimerOnPreambleDetect
 .text.SX126xSetLoRaSymbNumTimeout
                0x0800315a       0x18 ./objects/sx126x.o
                0x0800315a                SX126xSetLoRaSymbNumTimeout
 .text.SX126xSetRegulatorMode
                0x08003172       0x18 ./objects/sx126x.o
                0x08003172                SX126xSetRegulatorMode
 *fill*         0x0800318a        0x2 
 .text.SX126xCalibrateImage
                0x0800318c       0x64 ./objects/sx126x.o
                0x0800318c                SX126xCalibrateImage
 .text.SX126xSetPaConfig
                0x080031f0       0x24 ./objects/sx126x.o
                0x080031f0                SX126xSetPaConfig
 .text.SX126xSetDioIrqParams
                0x08003214       0x2a ./objects/sx126x.o
                0x08003214                SX126xSetDioIrqParams
 .text.SX126xGetIrqStatus
                0x0800323e       0x1e ./objects/sx126x.o
                0x0800323e                SX126xGetIrqStatus
 .text.SX126xSetDio2AsRfSwitchCtrl
                0x0800325c       0x18 ./objects/sx126x.o
                0x0800325c                SX126xSetDio2AsRfSwitchCtrl
 .text.SX126xInit
                0x08003274       0x28 ./objects/sx126x.o
                0x08003274                SX126xInit
 *fill*         0x0800329c        0x4 
 .text.SX126xSetRfFrequency
                0x080032a0       0x4c ./objects/sx126x.o
                0x080032a0                SX126xSetRfFrequency
 .text.SX126xSetPacketType
                0x080032ec       0x20 ./objects/sx126x.o
                0x080032ec                SX126xSetPacketType
 .text.SX126xGetPacketType
                0x0800330c        0xc ./objects/sx126x.o
                0x0800330c                SX126xGetPacketType
 .text.SX126xSetTxParams
                0x08003318       0xbc ./objects/sx126x.o
                0x08003318                SX126xSetTxParams
 *fill*         0x080033d4        0x4 
 .text.SX126xSetModulationParams
                0x080033d8       0xb4 ./objects/sx126x.o
                0x080033d8                SX126xSetModulationParams
 .text.SX126xSetPacketParams
                0x0800348c       0xac ./objects/sx126x.o
                0x0800348c                SX126xSetPacketParams
 .text.SX126xSetCadParams
                0x08003538       0x3c ./objects/sx126x.o
                0x08003538                SX126xSetCadParams
 .text.SX126xSetBufferBaseAddress
                0x08003574       0x1a ./objects/sx126x.o
                0x08003574                SX126xSetBufferBaseAddress
 .text.SX126xGetRssiInst
                0x0800358e       0x1a ./objects/sx126x.o
                0x0800358e                SX126xGetRssiInst
 .text.SX126xGetRxBufferStatus
                0x080035a8       0x48 ./objects/sx126x.o
                0x080035a8                SX126xGetRxBufferStatus
 .text.SX126xGetPayload
                0x080035f0       0x32 ./objects/sx126x.o
                0x080035f0                SX126xGetPayload
 *fill*         0x08003622        0x2 
 .text.SX126xGetPacketStatus
                0x08003624       0x80 ./objects/sx126x.o
                0x08003624                SX126xGetPacketStatus
 .text.SX126xClearIrqStatus
                0x080036a4       0x18 ./objects/sx126x.o
                0x080036a4                SX126xClearIrqStatus
 .text.RtcSetTimeout
                0x080036bc       0x70 ./objects/rtc-board.o
                0x080036bc                RtcSetTimeout
 .text.RtcStopTimeout
                0x0800372c       0x14 ./objects/rtc-board.o
                0x0800372c                RtcStopTimeout
 .text.RtcGetTimerContext
                0x08003740        0xc ./objects/rtc-board.o
                0x08003740                RtcGetTimerContext
 .text.RtcGetTimerValue
                0x0800374c      0x120 ./objects/rtc-board.o
                0x0800374c                RtcGetTimerValue
 .text.RtcSetTimerContext
                0x0800386c       0x18 ./objects/rtc-board.o
                0x0800386c                RtcSetTimerContext
 .text.RtcGetElapsedTime
                0x08003884       0x18 ./objects/rtc-board.o
                0x08003884                RtcGetElapsedTime
 .text.rtc_alarm_wakeup
                0x0800389c       0x84 ./objects/rtc-board.o
                0x0800389c                rtc_alarm_wakeup
 .text.rtc_IRQHandler
                0x08003920       0x2c ./objects/rtc-board.o
                0x08003920                rtc_IRQHandler
 .text.BoardDisableIrq
                0x0800394c        0x4 ./objects/sx1262-board.o
                0x0800394c                BoardDisableIrq
 .text.BoardEnableIrq
                0x08003950        0x4 ./objects/sx1262-board.o
                0x08003950                BoardEnableIrq
 .text.SpiInOut
                0x08003954       0x18 ./objects/sx1262-board.o
                0x08003954                SpiInOut
 .text.SX126xLoracInit
                0x0800396c       0x7c ./objects/sx1262-board.o
                0x0800396c                SX126xLoracInit
 .text.SX126xGetBoardTcxoWakeupTime
                0x080039e8        0x4 ./objects/sx1262-board.o
                0x080039e8                SX126xGetBoardTcxoWakeupTime
 .text.SX126xReset
                0x080039ec       0x54 ./objects/sx1262-board.o
                0x080039ec                SX126xReset
 .text.SX126xWaitOnBusy
                0x08003a40       0x18 ./objects/sx1262-board.o
                0x08003a40                SX126xWaitOnBusy
 .text.SX126xWakeup
                0x08003a58       0x30 ./objects/sx1262-board.o
                0x08003a58                SX126xWakeup
 .text.SX126xWriteCommand
                0x08003a88       0x44 ./objects/sx1262-board.o
                0x08003a88                SX126xWriteCommand
 .text.SX126xReadCommand
                0x08003acc       0x48 ./objects/sx1262-board.o
                0x08003acc                SX126xReadCommand
 .text.SX126xWriteRegisters
                0x08003b14       0x48 ./objects/sx1262-board.o
                0x08003b14                SX126xWriteRegisters
 .text.SX126xWriteRegister
                0x08003b5c       0x16 ./objects/sx1262-board.o
                0x08003b5c                SX126xWriteRegister
 *fill*         0x08003b72        0x2 
 .text.SX126xReadRegisters
                0x08003b74       0x50 ./objects/sx1262-board.o
                0x08003b74                SX126xReadRegisters
 .text.SX126xReadRegister
                0x08003bc4       0x16 ./objects/sx1262-board.o
                0x08003bc4                SX126xReadRegister
 *fill*         0x08003bda        0x2 
 .text.SX126xWriteBuffer
                0x08003bdc       0x48 ./objects/sx1262-board.o
                0x08003bdc                SX126xWriteBuffer
 .text.SX126xReadBuffer
                0x08003c24       0x50 ./objects/sx1262-board.o
                0x08003c24                SX126xReadBuffer
 .text.SX126xSetRfTxPower
                0x08003c74        0x6 ./objects/sx1262-board.o
                0x08003c74                SX126xSetRfTxPower
 .text.SX126xGetPaSelect
                0x08003c7a        0x4 ./objects/sx1262-board.o
                0x08003c7a                SX126xGetPaSelect
 *fill*         0x08003c7e        0x2 
 .text.SX126xAntSwOn
                0x08003c80       0x10 ./objects/sx1262-board.o
                0x08003c80                SX126xAntSwOn
 .text.SX126xAntSwOff
                0x08003c90       0x10 ./objects/sx1262-board.o
                0x08003c90                SX126xAntSwOff
 .text.rand1    0x08003ca0       0x28 ./objects/utilities.o
                0x08003ca0                rand1
 .text.DelayMs  0x08003cc8        0x4 ./objects/delay.o
                0x08003cc8                DelayMs
 .text.TimeStampsUpdate
                0x08003ccc       0x2c ./objects/timer.o
 .text.TimerInsertNewHeadTimer
                0x08003cf8       0x1c ./objects/timer.o
 .text.TimerStart
                0x08003d14       0x78 ./objects/timer.o
                0x08003d14                TimerStart
 .text.TimerStop
                0x08003d8c       0x5c ./objects/timer.o
                0x08003d8c                TimerStop
 .text.TimerSetValue
                0x08003de8       0x10 ./objects/timer.o
                0x08003de8                TimerSetValue
 .text.TimerGetCurrentTime
                0x08003df8       0x18 ./objects/timer.o
                0x08003df8                TimerGetCurrentTime
 .text.TimerGetElapsedTime
                0x08003e10       0x12 ./objects/timer.o
                0x08003e10                TimerGetElapsedTime
 *fill*         0x08003e22        0x2 
 .text.__libc_init_array
                0x08003e24       0x48 c:/users/wyx12/documents/environment/gcc-arm-none-eabi-9-2020-q2-update-win32/bin/../lib/gcc/arm-none-eabi/9.3.1/../../../../arm-none-eabi/lib/thumb/v7e-m/nofp\libc.a(lib_a-init.o)
                0x08003e24                __libc_init_array
 .text.memset   0x08003e6c       0xa0 c:/users/wyx12/documents/environment/gcc-arm-none-eabi-9-2020-q2-update-win32/bin/../lib/gcc/arm-none-eabi/9.3.1/../../../../arm-none-eabi/lib/thumb/v7e-m/nofp\libc.a(lib_a-memset.o)
                0x08003e6c                memset
 .text.startup.register_fini
                0x08003f0c       0x14 c:/users/wyx12/documents/environment/gcc-arm-none-eabi-9-2020-q2-update-win32/bin/../lib/gcc/arm-none-eabi/9.3.1/../../../../arm-none-eabi/lib/thumb/v7e-m/nofp\libc.a(lib_a-__call_atexit.o)
 .text.atexit   0x08003f20        0xc c:/users/wyx12/documents/environment/gcc-arm-none-eabi-9-2020-q2-update-win32/bin/../lib/gcc/arm-none-eabi/9.3.1/../../../../arm-none-eabi/lib/thumb/v7e-m/nofp\libc.a(lib_a-atexit.o)
                0x08003f20                atexit
 .text.__libc_fini_array
                0x08003f2c       0x2c c:/users/wyx12/documents/environment/gcc-arm-none-eabi-9-2020-q2-update-win32/bin/../lib/gcc/arm-none-eabi/9.3.1/../../../../arm-none-eabi/lib/thumb/v7e-m/nofp\libc.a(lib_a-fini.o)
                0x08003f2c                __libc_fini_array
 .text.__retarget_lock_acquire_recursive
                0x08003f58        0x4 c:/users/wyx12/documents/environment/gcc-arm-none-eabi-9-2020-q2-update-win32/bin/../lib/gcc/arm-none-eabi/9.3.1/../../../../arm-none-eabi/lib/thumb/v7e-m/nofp\libc.a(lib_a-lock.o)
                0x08003f58                __retarget_lock_acquire_recursive
 .text.__retarget_lock_release_recursive
                0x08003f5c        0x4 c:/users/wyx12/documents/environment/gcc-arm-none-eabi-9-2020-q2-update-win32/bin/../lib/gcc/arm-none-eabi/9.3.1/../../../../arm-none-eabi/lib/thumb/v7e-m/nofp\libc.a(lib_a-lock.o)
                0x08003f5c                __retarget_lock_release_recursive
 .text.__register_exitproc
                0x08003f60       0x8c c:/users/wyx12/documents/environment/gcc-arm-none-eabi-9-2020-q2-update-win32/bin/../lib/gcc/arm-none-eabi/9.3.1/../../../../arm-none-eabi/lib/thumb/v7e-m/nofp\libc.a(lib_a-__atexit.o)
                0x08003f60                __register_exitproc
 *fill*         0x08003fec        0x4 
 .text.ceil     0x08003ff0       0xf8 c:/users/wyx12/documents/environment/gcc-arm-none-eabi-9-2020-q2-update-win32/bin/../lib/gcc/arm-none-eabi/9.3.1/../../../../arm-none-eabi/lib/thumb/v7e-m/nofp\libm.a(lib_a-s_ceil.o)
                0x08003ff0                ceil
 .text.floor    0x080040e8       0xf8 c:/users/wyx12/documents/environment/gcc-arm-none-eabi-9-2020-q2-update-win32/bin/../lib/gcc/arm-none-eabi/9.3.1/../../../../arm-none-eabi/lib/thumb/v7e-m/nofp\libm.a(lib_a-s_floor.o)
                0x080040e8                floor
 .text.rint     0x080041e0      0x120 c:/users/wyx12/documents/environment/gcc-arm-none-eabi-9-2020-q2-update-win32/bin/../lib/gcc/arm-none-eabi/9.3.1/../../../../arm-none-eabi/lib/thumb/v7e-m/nofp\libm.a(lib_a-s_rint.o)
                0x080041e0                rint
 .text.round    0x08004300       0x94 c:/users/wyx12/documents/environment/gcc-arm-none-eabi-9-2020-q2-update-win32/bin/../lib/gcc/arm-none-eabi/9.3.1/../../../../arm-none-eabi/lib/thumb/v7e-m/nofp\libm.a(lib_a-s_round.o)
                0x08004300                round
 .text.log      0x08004394       0x74 c:/users/wyx12/documents/environment/gcc-arm-none-eabi-9-2020-q2-update-win32/bin/../lib/gcc/arm-none-eabi/9.3.1/../../../../arm-none-eabi/lib/thumb/v7e-m/nofp\libm.a(lib_a-w_log.o)
                0x08004394                log
 .text.__ieee754_log
                0x08004408      0x3e8 c:/users/wyx12/documents/environment/gcc-arm-none-eabi-9-2020-q2-update-win32/bin/../lib/gcc/arm-none-eabi/9.3.1/../../../../arm-none-eabi/lib/thumb/v7e-m/nofp\libm.a(lib_a-e_log.o)
                0x08004408                __ieee754_log
 .text.nan      0x080047f0        0xc c:/users/wyx12/documents/environment/gcc-arm-none-eabi-9-2020-q2-update-win32/bin/../lib/gcc/arm-none-eabi/9.3.1/../../../../arm-none-eabi/lib/thumb/v7e-m/nofp\libm.a(lib_a-s_nan.o)
                0x080047f0                nan
 *(.glue_7)
 .glue_7        0x080047fc        0x0 linker stubs
 *(.glue_7t)
 .glue_7t       0x080047fc        0x0 linker stubs
 *(.eh_frame)
 .eh_frame      0x080047fc        0x0 c:/users/wyx12/documents/environment/gcc-arm-none-eabi-9-2020-q2-update-win32/bin/../lib/gcc/arm-none-eabi/9.3.1/thumb/v7e-m/nofp/crtbegin.o
 *(.init)
 .init          0x080047fc        0x4 c:/users/wyx12/documents/environment/gcc-arm-none-eabi-9-2020-q2-update-win32/bin/../lib/gcc/arm-none-eabi/9.3.1/thumb/v7e-m/nofp/crti.o
                0x080047fc                _init
 .init          0x08004800        0x8 c:/users/wyx12/documents/environment/gcc-arm-none-eabi-9-2020-q2-update-win32/bin/../lib/gcc/arm-none-eabi/9.3.1/thumb/v7e-m/nofp/crtn.o
 *(.fini)
 .fini          0x08004808        0x4 c:/users/wyx12/documents/environment/gcc-arm-none-eabi-9-2020-q2-update-win32/bin/../lib/gcc/arm-none-eabi/9.3.1/thumb/v7e-m/nofp/crti.o
                0x08004808                _fini
 .fini          0x0800480c        0x8 c:/users/wyx12/documents/environment/gcc-arm-none-eabi-9-2020-q2-update-win32/bin/../lib/gcc/arm-none-eabi/9.3.1/thumb/v7e-m/nofp/crtn.o
 *fill*         0x08004814        0x4 
 .fini.__stub   0x08004818        0x8 linker stubs
                0x08004820                . = ALIGN (0x4)
                0x08004820                _etext = .

.vfp11_veneer   0x08004820        0x0
 .vfp11_veneer  0x08004820        0x0 linker stubs

.v4_bx          0x08004820        0x0
 .v4_bx         0x08004820        0x0 linker stubs

.iplt           0x08004820        0x0
 .iplt          0x08004820        0x0 c:/users/wyx12/documents/environment/gcc-arm-none-eabi-9-2020-q2-update-win32/bin/../lib/gcc/arm-none-eabi/9.3.1/thumb/v7e-m/nofp/crtbegin.o

.rodata         0x08004820      0x1e4
                0x08004820                . = ALIGN (0x4)
 *(.rodata)
 .rodata        0x08004820      0x188 ./objects/radio.o
                0x08004820                FskBandwidths
                0x08004930                Bandwidths
                0x0800493c                Radio
 .rodata        0x080049a8       0x11 ./objects/sx126x.o
 *fill*         0x080049b9        0x3 
 .rodata        0x080049bc       0x2a ./objects/rtc-board.o
 *(.rodata*)
 *fill*         0x080049e6        0x2 
 .rodata._global_impure_ptr
                0x080049e8        0x4 c:/users/wyx12/documents/environment/gcc-arm-none-eabi-9-2020-q2-update-win32/bin/../lib/gcc/arm-none-eabi/9.3.1/../../../../arm-none-eabi/lib/thumb/v7e-m/nofp\libc.a(lib_a-impure.o)
                0x080049e8                _global_impure_ptr
 *fill*         0x080049ec        0x4 
 .rodata.TWO52  0x080049f0       0x10 c:/users/wyx12/documents/environment/gcc-arm-none-eabi-9-2020-q2-update-win32/bin/../lib/gcc/arm-none-eabi/9.3.1/../../../../arm-none-eabi/lib/thumb/v7e-m/nofp\libm.a(lib_a-s_rint.o)
 .rodata.log.str1.4
                0x08004a00        0x1 c:/users/wyx12/documents/environment/gcc-arm-none-eabi-9-2020-q2-update-win32/bin/../lib/gcc/arm-none-eabi/9.3.1/../../../../arm-none-eabi/lib/thumb/v7e-m/nofp\libm.a(lib_a-w_log.o)
                0x08004a04                . = ALIGN (0x4)
 *fill*         0x08004a01        0x3 

.rel.dyn        0x08004a04        0x0
 .rel.iplt      0x08004a04        0x0 c:/users/wyx12/documents/environment/gcc-arm-none-eabi-9-2020-q2-update-win32/bin/../lib/gcc/arm-none-eabi/9.3.1/thumb/v7e-m/nofp/crtbegin.o

.ARM.extab
 *(.ARM.extab* .gnu.linkonce.armextab.*)

.ARM            0x08004a04        0x0
                0x08004a04                __exidx_start = .
 *(.ARM.exidx*)
                0x08004a04                __exidx_end = .

.preinit_array  0x08004a04        0x0
                0x08004a04                PROVIDE (__preinit_array_start = .)
 *(.preinit_array*)
                0x08004a04                PROVIDE (__preinit_array_end = .)

.init_array     0x08004a04        0x8
                0x08004a04                PROVIDE (__init_array_start = .)
 *(SORT_BY_NAME(.init_array.*))
 .init_array.00000
                0x08004a04        0x4 c:/users/wyx12/documents/environment/gcc-arm-none-eabi-9-2020-q2-update-win32/bin/../lib/gcc/arm-none-eabi/9.3.1/../../../../arm-none-eabi/lib/thumb/v7e-m/nofp\libc.a(lib_a-__call_atexit.o)
 *(.init_array*)
 .init_array    0x08004a08        0x4 c:/users/wyx12/documents/environment/gcc-arm-none-eabi-9-2020-q2-update-win32/bin/../lib/gcc/arm-none-eabi/9.3.1/thumb/v7e-m/nofp/crtbegin.o
                0x08004a0c                PROVIDE (__init_array_end = .)

.fini_array     0x08004a0c        0x4
                0x08004a0c                PROVIDE (__fini_array_start = .)
 *(SORT_BY_NAME(.fini_array.*))
 *(.fini_array*)
 .fini_array    0x08004a0c        0x4 c:/users/wyx12/documents/environment/gcc-arm-none-eabi-9-2020-q2-update-win32/bin/../lib/gcc/arm-none-eabi/9.3.1/thumb/v7e-m/nofp/crtbegin.o
                0x08004a10                PROVIDE (__fini_array_end = .)
                0x08004a10                _sidata = LOADADDR (.data)

.data           0x20000000      0x480 load address 0x08004a10
                0x20000000                . = ALIGN (0x4)
                0x20000000                _sdata = .
 *(.data)
 .data          0x20000000       0x40 ./objects/main.o
                0x20000000                RF_Tx_Buff
 .data          0x20000040        0x2 ./objects/sx126x_init.o
                0x20000040                BufferSize
 *fill*         0x20000042        0x2 
 .data          0x20000044        0x4 ./objects/system_initial.o
                0x20000044                gain_value
 .data          0x20000048        0x1 ./objects/radio.o
                0x20000048                MaxPayloadLength
 *fill*         0x20000049        0x3 
 .data          0x2000004c        0x4 ./objects/utilities.o
 *(.data*)
 .data.impure_data
                0x20000050      0x428 c:/users/wyx12/documents/environment/gcc-arm-none-eabi-9-2020-q2-update-win32/bin/../lib/gcc/arm-none-eabi/9.3.1/../../../../arm-none-eabi/lib/thumb/v7e-m/nofp\libc.a(lib_a-impure.o)
 .data.__atexit_recursive_mutex
                0x20000478        0x4 c:/users/wyx12/documents/environment/gcc-arm-none-eabi-9-2020-q2-update-win32/bin/../lib/gcc/arm-none-eabi/9.3.1/../../../../arm-none-eabi/lib/thumb/v7e-m/nofp\libc.a(lib_a-__call_atexit.o)
                0x20000478                __atexit_recursive_mutex
 .data.__fdlib_version
                0x2000047c        0x1 c:/users/wyx12/documents/environment/gcc-arm-none-eabi-9-2020-q2-update-win32/bin/../lib/gcc/arm-none-eabi/9.3.1/../../../../arm-none-eabi/lib/thumb/v7e-m/nofp\libm.a(lib_a-s_lib_ver.o)
                0x2000047c                __fdlib_version
                0x20000480                . = ALIGN (0x4)
 *fill*         0x2000047d        0x3 
                0x20000480                _edata = .

.igot.plt       0x20000480        0x0 load address 0x08004e90
 .igot.plt      0x20000480        0x0 c:/users/wyx12/documents/environment/gcc-arm-none-eabi-9-2020-q2-update-win32/bin/../lib/gcc/arm-none-eabi/9.3.1/thumb/v7e-m/nofp/crtbegin.o
                0x20000480                . = ALIGN (0x4)

.bss            0x20000480      0x2f4 load address 0x08004e90
                0x20000480                _sbss = .
                0x20000480                __bss_start__ = _sbss
 *(.bss)
 .bss           0x20000480       0x1c c:/users/wyx12/documents/environment/gcc-arm-none-eabi-9-2020-q2-update-win32/bin/../lib/gcc/arm-none-eabi/9.3.1/thumb/v7e-m/nofp/crtbegin.o
 .bss           0x2000049c        0x1 ./objects/tremo_delay.o
 *fill*         0x2000049d        0x3 
 .bss           0x200004a0       0x7d ./objects/app.o
                0x200004a0                adc_data_batt
                0x200004b4                adc_data_ntc
                0x200004c8                calibrated_NTC
                0x200004f0                calibrated_BATT
                0x20000518                NTC_Temp
                0x2000051c                Batt_Value
 *fill*         0x2000051d        0x3 
 .bss           0x20000520        0xc ./objects/main.o
                0x20000520                Run_Tick
                0x20000524                NTC_Temp_Last
                0x20000528                Send_Flag
                0x2000052a                CRC_16
 .bss           0x2000052c        0xc ./objects/sx126x_init.o
                0x2000052c                State
                0x2000052d                RssiValue
                0x2000052e                SnrValue
                0x2000052f                OCP_Value
                0x20000530                ChipId
 .bss           0x20000538        0x4 ./objects/system_initial.o
                0x20000538                dco_value
 .bss           0x2000053c       0x14 ./objects/radio.o
                0x20000540                IrqFired
                0x20000541                RxContinuous
                0x20000544                RxTimeout
                0x2000054c                TxTimeout
 .bss           0x20000550        0x8 ./objects/sx126x.o
                0x20000554                FrequencyError
 .bss           0x20000558        0x1 ./objects/sx1262-board.o
                0x20000558                gPaOptSetting
 *fill*         0x20000559        0x7 
 .bss           0x20000560       0x11 ./objects/timer.o
                0x20000570                HasLoopedThroughMain
 *(.bss*)
 *(COMMON)
 *fill*         0x20000571        0x3 
 COMMON         0x20000574       0x1c ./objects/main.o
                0x20000574                RadioEvents
 COMMON         0x20000590        0x5 ./objects/sx126x_init.o
                0x20000590                Buffer
 COMMON         0x20000595        0x1 ./objects/system_initial.o
                0x20000595                __errno
 *fill*         0x20000596        0x2 
 COMMON         0x20000598      0x19c ./objects/radio.o
                0x20000598                irqRegs
                0x2000059c                SX126x
                0x200005d8                TxTimeoutTimer
                0x200005f0                RadioRxPayload
                0x200006f0                CadTimeoutTimer
                0x20000708                RadioPktStatus
                0x2000071c                RxTimeoutTimer
 *fill*         0x20000734        0x4 
 COMMON         0x20000738       0x18 ./objects/rtc-board.o
                0x20000738                RtcCalendarContext
                0x20000748                RtcTimerContext
 COMMON         0x20000750       0x21 c:/users/wyx12/documents/environment/gcc-arm-none-eabi-9-2020-q2-update-win32/bin/../lib/gcc/arm-none-eabi/9.3.1/../../../../arm-none-eabi/lib/thumb/v7e-m/nofp\libc.a(lib_a-lock.o)
                0x20000750                __lock___atexit_recursive_mutex
                0x20000754                __lock___arc4random_mutex
                0x20000758                __lock___env_recursive_mutex
                0x2000075c                __lock___sinit_recursive_mutex
                0x20000760                __lock___malloc_recursive_mutex
                0x20000764                __lock___at_quick_exit_mutex
                0x20000768                __lock___dd_hash_mutex
                0x2000076c                __lock___tz_mutex
                0x20000770                __lock___sfp_recursive_mutex
                0x20000774                . = ALIGN (0x4)
 *fill*         0x20000771        0x3 
                0x20000774                _ebss = .
                0x20000774                __bss_end__ = _ebss

.heap           0x20000774        0x0 load address 0x08004e90
                0x20000774                . = ALIGN (0x4)
                0x20000774                _heap_bottom = .
                0x20000774                end = _heap_bottom
                0x20000774                _end = end
                0x20000774                __end = end
                0x20000774                . = (. + _HEAP_SIZE)
                0x20000774                _heap_top = .

.stack          0x20000774     0x1000 load address 0x08004e90
                0x20000774                . = ALIGN (0x4)
                0x20000774                _stack_bottom = .
                0x20001774                . = (. + _STACK_SIZE)
 *fill*         0x20000774     0x1000 
                0x20001774                _stack_top = .

/DISCARD/
 libc.a(*)
 libm.a(*)
 libgcc.a(*)

.ARM.attributes
                0x00000000       0x2e
 *(.ARM.attributes)
 .ARM.attributes
                0x00000000       0x1e c:/users/wyx12/documents/environment/gcc-arm-none-eabi-9-2020-q2-update-win32/bin/../lib/gcc/arm-none-eabi/9.3.1/thumb/v7e-m/nofp/crti.o
 .ARM.attributes
                0x0000001e       0x2e c:/users/wyx12/documents/environment/gcc-arm-none-eabi-9-2020-q2-update-win32/bin/../lib/gcc/arm-none-eabi/9.3.1/thumb/v7e-m/nofp/crtbegin.o
 .ARM.attributes
                0x0000004c       0x32 ./objects/system_cm4.o
 .ARM.attributes
                0x0000007e       0x25 ./objects/startup_cm4.o
 .ARM.attributes
                0x000000a3       0x32 ./objects/tremo_adc.o
 .ARM.attributes
                0x000000d5       0x32 ./objects/tremo_delay.o
 .ARM.attributes
                0x00000107       0x32 ./objects/tremo_gpio.o
 .ARM.attributes
                0x00000139       0x32 ./objects/tremo_iwdg.o
 .ARM.attributes
                0x0000016b       0x32 ./objects/tremo_pwr.o
 .ARM.attributes
                0x0000019d       0x32 ./objects/tremo_rcc.o
 .ARM.attributes
                0x000001cf       0x32 ./objects/tremo_rtc.o
 .ARM.attributes
                0x00000201       0x32 ./objects/app.o
 .ARM.attributes
                0x00000233       0x32 ./objects/main.o
 .ARM.attributes
                0x00000265       0x32 ./objects/sx126x_init.o
 .ARM.attributes
                0x00000297       0x32 ./objects/tremo_it.o
 .ARM.attributes
                0x000002c9       0x32 ./objects/system_initial.o
 .ARM.attributes
                0x000002fb       0x32 ./objects/radio.o
 .ARM.attributes
                0x0000032d       0x32 ./objects/sx126x.o
 .ARM.attributes
                0x0000035f       0x32 ./objects/rtc-board.o
 .ARM.attributes
                0x00000391       0x32 ./objects/sx1262-board.o
 .ARM.attributes
                0x000003c3       0x32 ./objects/utilities.o
 .ARM.attributes
                0x000003f5       0x32 ./objects/delay.o
 .ARM.attributes
                0x00000427       0x32 ./objects/timer.o
 .ARM.attributes
                0x00000459       0x1e c:/users/wyx12/documents/environment/gcc-arm-none-eabi-9-2020-q2-update-win32/bin/../lib/gcc/arm-none-eabi/9.3.1/thumb/v7e-m/nofp\libgcc.a(_arm_addsubdf3.o)
 .ARM.attributes
                0x00000477       0x1e c:/users/wyx12/documents/environment/gcc-arm-none-eabi-9-2020-q2-update-win32/bin/../lib/gcc/arm-none-eabi/9.3.1/thumb/v7e-m/nofp\libgcc.a(_arm_muldivdf3.o)
 .ARM.attributes
                0x00000495       0x1e c:/users/wyx12/documents/environment/gcc-arm-none-eabi-9-2020-q2-update-win32/bin/../lib/gcc/arm-none-eabi/9.3.1/thumb/v7e-m/nofp\libgcc.a(_arm_cmpdf2.o)
 .ARM.attributes
                0x000004b3       0x1e c:/users/wyx12/documents/environment/gcc-arm-none-eabi-9-2020-q2-update-win32/bin/../lib/gcc/arm-none-eabi/9.3.1/thumb/v7e-m/nofp\libgcc.a(_arm_fixunsdfsi.o)
 .ARM.attributes
                0x000004d1       0x1e c:/users/wyx12/documents/environment/gcc-arm-none-eabi-9-2020-q2-update-win32/bin/../lib/gcc/arm-none-eabi/9.3.1/thumb/v7e-m/nofp\libgcc.a(_arm_truncdfsf2.o)
 .ARM.attributes
                0x000004ef       0x2e c:/users/wyx12/documents/environment/gcc-arm-none-eabi-9-2020-q2-update-win32/bin/../lib/gcc/arm-none-eabi/9.3.1/thumb/v7e-m/nofp\libgcc.a(_fixunsdfdi.o)
 .ARM.attributes
                0x0000051d       0x2e c:/users/wyx12/documents/environment/gcc-arm-none-eabi-9-2020-q2-update-win32/bin/../lib/gcc/arm-none-eabi/9.3.1/../../../../arm-none-eabi/lib/thumb/v7e-m/nofp\libc.a(lib_a-impure.o)
 .ARM.attributes
                0x0000054b       0x2e c:/users/wyx12/documents/environment/gcc-arm-none-eabi-9-2020-q2-update-win32/bin/../lib/gcc/arm-none-eabi/9.3.1/../../../../arm-none-eabi/lib/thumb/v7e-m/nofp\libc.a(lib_a-init.o)
 .ARM.attributes
                0x00000579       0x1c c:/users/wyx12/documents/environment/gcc-arm-none-eabi-9-2020-q2-update-win32/bin/../lib/gcc/arm-none-eabi/9.3.1/../../../../arm-none-eabi/lib/thumb/v7e-m/nofp\libc.a(lib_a-memcpy.o)
 .ARM.attributes
                0x00000595       0x2e c:/users/wyx12/documents/environment/gcc-arm-none-eabi-9-2020-q2-update-win32/bin/../lib/gcc/arm-none-eabi/9.3.1/../../../../arm-none-eabi/lib/thumb/v7e-m/nofp\libc.a(lib_a-memset.o)
 .ARM.attributes
                0x000005c3       0x2e c:/users/wyx12/documents/environment/gcc-arm-none-eabi-9-2020-q2-update-win32/bin/../lib/gcc/arm-none-eabi/9.3.1/../../../../arm-none-eabi/lib/thumb/v7e-m/nofp\libc.a(lib_a-__call_atexit.o)
 .ARM.attributes
                0x000005f1       0x2e c:/users/wyx12/documents/environment/gcc-arm-none-eabi-9-2020-q2-update-win32/bin/../lib/gcc/arm-none-eabi/9.3.1/../../../../arm-none-eabi/lib/thumb/v7e-m/nofp\libc.a(lib_a-atexit.o)
 .ARM.attributes
                0x0000061f       0x2e c:/users/wyx12/documents/environment/gcc-arm-none-eabi-9-2020-q2-update-win32/bin/../lib/gcc/arm-none-eabi/9.3.1/../../../../arm-none-eabi/lib/thumb/v7e-m/nofp\libc.a(lib_a-fini.o)
 .ARM.attributes
                0x0000064d       0x2e c:/users/wyx12/documents/environment/gcc-arm-none-eabi-9-2020-q2-update-win32/bin/../lib/gcc/arm-none-eabi/9.3.1/../../../../arm-none-eabi/lib/thumb/v7e-m/nofp\libc.a(lib_a-lock.o)
 .ARM.attributes
                0x0000067b       0x2e c:/users/wyx12/documents/environment/gcc-arm-none-eabi-9-2020-q2-update-win32/bin/../lib/gcc/arm-none-eabi/9.3.1/../../../../arm-none-eabi/lib/thumb/v7e-m/nofp\libc.a(lib_a-__atexit.o)
 .ARM.attributes
                0x000006a9       0x1e c:/users/wyx12/documents/environment/gcc-arm-none-eabi-9-2020-q2-update-win32/bin/../lib/gcc/arm-none-eabi/9.3.1/thumb/v7e-m/nofp/crtn.o
OUTPUT(./Objects/app.elf elf32-littlearm)
LOAD linker stubs
LOAD c:/users/wyx12/documents/environment/gcc-arm-none-eabi-9-2020-q2-update-win32/bin/../lib/gcc/arm-none-eabi/9.3.1/../../../../arm-none-eabi/lib/thumb/v7e-m/nofp\libc.a
LOAD c:/users/wyx12/documents/environment/gcc-arm-none-eabi-9-2020-q2-update-win32/bin/../lib/gcc/arm-none-eabi/9.3.1/../../../../arm-none-eabi/lib/thumb/v7e-m/nofp\libm.a
LOAD c:/users/wyx12/documents/environment/gcc-arm-none-eabi-9-2020-q2-update-win32/bin/../lib/gcc/arm-none-eabi/9.3.1/thumb/v7e-m/nofp\libgcc.a

.debug_info     0x00000000    0x18e25
 .debug_info    0x00000000      0x855 ./objects/system_cm4.o
 .debug_info    0x00000855       0x22 ./objects/startup_cm4.o
 .debug_info    0x00000877      0x9aa ./objects/tremo_adc.o
 .debug_info    0x00001221      0x7cb ./objects/tremo_delay.o
 .debug_info    0x000019ec      0x90a ./objects/tremo_gpio.o
 .debug_info    0x000022f6      0x5b2 ./objects/tremo_iwdg.o
 .debug_info    0x000028a8      0x9ea ./objects/tremo_pwr.o
 .debug_info    0x00003292     0x1153 ./objects/tremo_rcc.o
 .debug_info    0x000043e5     0x1b7c ./objects/tremo_rtc.o
 .debug_info    0x00005f61      0xfe5 ./objects/app.o
 .debug_info    0x00006f46     0x1352 ./objects/main.o
 .debug_info    0x00008298     0x13c0 ./objects/sx126x_init.o
 .debug_info    0x00009658      0x136 ./objects/tremo_it.o
 .debug_info    0x0000978e     0x1bf8 ./objects/system_initial.o
 .debug_info    0x0000b386     0x3498 ./objects/radio.o
 .debug_info    0x0000e81e     0x3075 ./objects/sx126x.o
 .debug_info    0x00011893     0x210f ./objects/rtc-board.o
 .debug_info    0x000139a2     0x282f ./objects/sx1262-board.o
 .debug_info    0x000161d1      0xc5f ./objects/utilities.o
 .debug_info    0x00016e30      0x185 ./objects/delay.o
 .debug_info    0x00016fb5     0x1e70 ./objects/timer.o

.debug_abbrev   0x00000000     0x3de8
 .debug_abbrev  0x00000000      0x1e0 ./objects/system_cm4.o
 .debug_abbrev  0x000001e0       0x12 ./objects/startup_cm4.o
 .debug_abbrev  0x000001f2      0x242 ./objects/tremo_adc.o
 .debug_abbrev  0x00000434      0x237 ./objects/tremo_delay.o
 .debug_abbrev  0x0000066b      0x24a ./objects/tremo_gpio.o
 .debug_abbrev  0x000008b5      0x1cc ./objects/tremo_iwdg.o
 .debug_abbrev  0x00000a81      0x224 ./objects/tremo_pwr.o
 .debug_abbrev  0x00000ca5      0x276 ./objects/tremo_rcc.o
 .debug_abbrev  0x00000f1b      0x491 ./objects/tremo_rtc.o
 .debug_abbrev  0x000013ac      0x321 ./objects/app.o
 .debug_abbrev  0x000016cd      0x264 ./objects/main.o
 .debug_abbrev  0x00001931      0x2e7 ./objects/sx126x_init.o
 .debug_abbrev  0x00001c18       0xd4 ./objects/tremo_it.o
 .debug_abbrev  0x00001cec      0x30e ./objects/system_initial.o
 .debug_abbrev  0x00001ffa      0x57c ./objects/radio.o
 .debug_abbrev  0x00002576      0x514 ./objects/sx126x.o
 .debug_abbrev  0x00002a8a      0x559 ./objects/rtc-board.o
 .debug_abbrev  0x00002fe3      0x4da ./objects/sx1262-board.o
 .debug_abbrev  0x000034bd      0x25e ./objects/utilities.o
 .debug_abbrev  0x0000371b      0x109 ./objects/delay.o
 .debug_abbrev  0x00003824      0x5c4 ./objects/timer.o

.debug_loc      0x00000000     0x708d
 .debug_loc     0x00000000       0xc3 ./objects/system_cm4.o
 .debug_loc     0x000000c3      0x3bf ./objects/tremo_adc.o
 .debug_loc     0x00000482      0x1d7 ./objects/tremo_delay.o
 .debug_loc     0x00000659      0x860 ./objects/tremo_gpio.o
 .debug_loc     0x00000eb9      0x193 ./objects/tremo_iwdg.o
 .debug_loc     0x0000104c      0x15f ./objects/tremo_pwr.o
 .debug_loc     0x000011ab      0x777 ./objects/tremo_rcc.o
 .debug_loc     0x00001922      0xedf ./objects/tremo_rtc.o
 .debug_loc     0x00002801      0x2e8 ./objects/app.o
 .debug_loc     0x00002ae9       0x20 ./objects/main.o
 .debug_loc     0x00002b09      0x22f ./objects/sx126x_init.o
 .debug_loc     0x00002d38      0x10e ./objects/system_initial.o
 .debug_loc     0x00002e46     0x1683 ./objects/radio.o
 .debug_loc     0x000044c9     0x11da ./objects/sx126x.o
 .debug_loc     0x000056a3      0x7f5 ./objects/rtc-board.o
 .debug_loc     0x00005e98      0x84b ./objects/sx1262-board.o
 .debug_loc     0x000066e3      0x234 ./objects/utilities.o
 .debug_loc     0x00006917       0xb2 ./objects/delay.o
 .debug_loc     0x000069c9      0x6c4 ./objects/timer.o

.debug_aranges  0x00000000      0xb88
 .debug_aranges
                0x00000000       0x28 ./objects/system_cm4.o
 .debug_aranges
                0x00000028       0x28 ./objects/startup_cm4.o
 .debug_aranges
                0x00000050       0xb8 ./objects/tremo_adc.o
 .debug_aranges
                0x00000108       0x30 ./objects/tremo_delay.o
 .debug_aranges
                0x00000138       0x78 ./objects/tremo_gpio.o
 .debug_aranges
                0x000001b0       0x70 ./objects/tremo_iwdg.o
 .debug_aranges
                0x00000220       0x58 ./objects/tremo_pwr.o
 .debug_aranges
                0x00000278      0x178 ./objects/tremo_rcc.o
 .debug_aranges
                0x000003f0      0x120 ./objects/tremo_rtc.o
 .debug_aranges
                0x00000510       0x28 ./objects/app.o
 .debug_aranges
                0x00000538       0x20 ./objects/main.o
 .debug_aranges
                0x00000558       0x50 ./objects/sx126x_init.o
 .debug_aranges
                0x000005a8       0x58 ./objects/tremo_it.o
 .debug_aranges
                0x00000600       0x40 ./objects/system_initial.o
 .debug_aranges
                0x00000640      0x140 ./objects/radio.o
 .debug_aranges
                0x00000780      0x198 ./objects/sx126x.o
 .debug_aranges
                0x00000918       0x88 ./objects/rtc-board.o
 .debug_aranges
                0x000009a0       0xd0 ./objects/sx1262-board.o
 .debug_aranges
                0x00000a70       0x50 ./objects/utilities.o
 .debug_aranges
                0x00000ac0       0x28 ./objects/delay.o
 .debug_aranges
                0x00000ae8       0xa0 ./objects/timer.o

.debug_ranges   0x00000000      0xea0
 .debug_ranges  0x00000000       0x70 ./objects/system_cm4.o
 .debug_ranges  0x00000070       0x20 ./objects/startup_cm4.o
 .debug_ranges  0x00000090       0xa8 ./objects/tremo_adc.o
 .debug_ranges  0x00000138       0x58 ./objects/tremo_delay.o
 .debug_ranges  0x00000190       0x68 ./objects/tremo_gpio.o
 .debug_ranges  0x000001f8       0x60 ./objects/tremo_iwdg.o
 .debug_ranges  0x00000258       0x60 ./objects/tremo_pwr.o
 .debug_ranges  0x000002b8      0x180 ./objects/tremo_rcc.o
 .debug_ranges  0x00000438      0x140 ./objects/tremo_rtc.o
 .debug_ranges  0x00000578       0x40 ./objects/app.o
 .debug_ranges  0x000005b8       0x10 ./objects/main.o
 .debug_ranges  0x000005c8       0x40 ./objects/sx126x_init.o
 .debug_ranges  0x00000608       0x48 ./objects/tremo_it.o
 .debug_ranges  0x00000650       0x30 ./objects/system_initial.o
 .debug_ranges  0x00000680      0x1a8 ./objects/radio.o
 .debug_ranges  0x00000828      0x1e8 ./objects/sx126x.o
 .debug_ranges  0x00000a10      0x1a8 ./objects/rtc-board.o
 .debug_ranges  0x00000bb8      0x188 ./objects/sx1262-board.o
 .debug_ranges  0x00000d40       0x40 ./objects/utilities.o
 .debug_ranges  0x00000d80       0x30 ./objects/delay.o
 .debug_ranges  0x00000db0       0xf0 ./objects/timer.o

.debug_line     0x00000000     0x8ab5
 .debug_line    0x00000000      0x2b0 ./objects/system_cm4.o
 .debug_line    0x000002b0       0x79 ./objects/startup_cm4.o
 .debug_line    0x00000329      0x5e5 ./objects/tremo_adc.o
 .debug_line    0x0000090e      0x2cb ./objects/tremo_delay.o
 .debug_line    0x00000bd9      0x6dd ./objects/tremo_gpio.o
 .debug_line    0x000012b6      0x431 ./objects/tremo_iwdg.o
 .debug_line    0x000016e7      0x421 ./objects/tremo_pwr.o
 .debug_line    0x00001b08     0x11dc ./objects/tremo_rcc.o
 .debug_line    0x00002ce4      0xe3c ./objects/tremo_rtc.o
 .debug_line    0x00003b20      0x54c ./objects/app.o
 .debug_line    0x0000406c      0x460 ./objects/main.o
 .debug_line    0x000044cc      0x457 ./objects/sx126x_init.o
 .debug_line    0x00004923      0x132 ./objects/tremo_it.o
 .debug_line    0x00004a55      0x41e ./objects/system_initial.o
 .debug_line    0x00004e73      0xf75 ./objects/radio.o
 .debug_line    0x00005de8      0xec2 ./objects/sx126x.o
 .debug_line    0x00006caa      0x7a2 ./objects/rtc-board.o
 .debug_line    0x0000744c      0x957 ./objects/sx1262-board.o
 .debug_line    0x00007da3      0x35d ./objects/utilities.o
 .debug_line    0x00008100      0x1a9 ./objects/delay.o
 .debug_line    0x000082a9      0x80c ./objects/timer.o

.debug_str      0x00000000     0x5ab4
 .debug_str     0x00000000      0x5e1 ./objects/system_cm4.o
                                0x654 (size before relaxing)
 .debug_str     0x000005e1       0x2c ./objects/startup_cm4.o
                                 0x69 (size before relaxing)
 .debug_str     0x0000060d      0x9d3 ./objects/tremo_adc.o
                                0xc5d (size before relaxing)
 .debug_str     0x00000fe0       0xc1 ./objects/tremo_delay.o
                                0x605 (size before relaxing)
 .debug_str     0x000010a1      0x699 ./objects/tremo_gpio.o
                                0x8eb (size before relaxing)
 .debug_str     0x0000173a      0x17d ./objects/tremo_iwdg.o
                                0x751 (size before relaxing)
 .debug_str     0x000018b7       0xd8 ./objects/tremo_pwr.o
                                0x6c2 (size before relaxing)
 .debug_str     0x0000198f      0xee4 ./objects/tremo_rcc.o
                               0x155c (size before relaxing)
 .debug_str     0x00002873      0xc07 ./objects/tremo_rtc.o
                               0x12ca (size before relaxing)
 .debug_str     0x0000347a       0xfc ./objects/app.o
                                0x7df (size before relaxing)
 .debug_str     0x00003576      0x11e ./objects/main.o
                                0x985 (size before relaxing)
 .debug_str     0x00003694       0xf1 ./objects/sx126x_init.o
                                0x97d (size before relaxing)
 .debug_str     0x00003785       0xdd ./objects/tremo_it.o
                                0x23c (size before relaxing)
 .debug_str     0x00003862      0x27d ./objects/system_initial.o
                               0x120b (size before relaxing)
 .debug_str     0x00003adf     0x110e ./objects/radio.o
                               0x1a88 (size before relaxing)
 .debug_str     0x00004bed      0x8f6 ./objects/sx126x.o
                               0x1d6d (size before relaxing)
 .debug_str     0x000054e3      0x30c ./objects/rtc-board.o
                               0x1469 (size before relaxing)
 .debug_str     0x000057ef       0xae ./objects/sx1262-board.o
                               0x1d03 (size before relaxing)
 .debug_str     0x0000589d       0x4c ./objects/utilities.o
                                0x691 (size before relaxing)
 .debug_str     0x000058e9       0x1a ./objects/delay.o
                                0x247 (size before relaxing)
 .debug_str     0x00005903      0x1b1 ./objects/timer.o
                               0x1244 (size before relaxing)

.comment        0x00000000       0x4c
 .comment       0x00000000       0x4c ./objects/system_cm4.o
                                 0x4d (size before relaxing)
 .comment       0x0000004c       0x4d ./objects/tremo_adc.o
 .comment       0x0000004c       0x4d ./objects/tremo_delay.o
 .comment       0x0000004c       0x4d ./objects/tremo_gpio.o
 .comment       0x0000004c       0x4d ./objects/tremo_iwdg.o
 .comment       0x0000004c       0x4d ./objects/tremo_pwr.o
 .comment       0x0000004c       0x4d ./objects/tremo_rcc.o
 .comment       0x0000004c       0x4d ./objects/tremo_rtc.o
 .comment       0x0000004c       0x4d ./objects/app.o
 .comment       0x0000004c       0x4d ./objects/main.o
 .comment       0x0000004c       0x4d ./objects/sx126x_init.o
 .comment       0x0000004c       0x4d ./objects/tremo_it.o
 .comment       0x0000004c       0x4d ./objects/system_initial.o
 .comment       0x0000004c       0x4d ./objects/radio.o
 .comment       0x0000004c       0x4d ./objects/sx126x.o
 .comment       0x0000004c       0x4d ./objects/rtc-board.o
 .comment       0x0000004c       0x4d ./objects/sx1262-board.o
 .comment       0x0000004c       0x4d ./objects/utilities.o
 .comment       0x0000004c       0x4d ./objects/delay.o
 .comment       0x0000004c       0x4d ./objects/timer.o

.debug_frame    0x00000000     0x20a0
 .debug_frame   0x00000000       0x3c ./objects/system_cm4.o
 .debug_frame   0x0000003c      0x178 ./objects/tremo_adc.o
 .debug_frame   0x000001b4       0x54 ./objects/tremo_delay.o
 .debug_frame   0x00000208      0x114 ./objects/tremo_gpio.o
 .debug_frame   0x0000031c      0x10c ./objects/tremo_iwdg.o
 .debug_frame   0x00000428       0xa8 ./objects/tremo_pwr.o
 .debug_frame   0x000004d0      0x2d8 ./objects/tremo_rcc.o
 .debug_frame   0x000007a8      0x318 ./objects/tremo_rtc.o
 .debug_frame   0x00000ac0       0x50 ./objects/app.o
 .debug_frame   0x00000b10       0x28 ./objects/main.o
 .debug_frame   0x00000b38       0xe0 ./objects/sx126x_init.o
 .debug_frame   0x00000c18       0xc0 ./objects/tremo_it.o
 .debug_frame   0x00000cd8       0x9c ./objects/system_initial.o
 .debug_frame   0x00000d74      0x3d8 ./objects/radio.o
 .debug_frame   0x0000114c      0x4bc ./objects/sx126x.o
 .debug_frame   0x00001608      0x19c ./objects/rtc-board.o
 .debug_frame   0x000017a4      0x25c ./objects/sx1262-board.o
 .debug_frame   0x00001a00       0x8c ./objects/utilities.o
 .debug_frame   0x00001a8c       0x30 ./objects/delay.o
 .debug_frame   0x00001abc      0x1b8 ./objects/timer.o
 .debug_frame   0x00001c74       0xac c:/users/wyx12/documents/environment/gcc-arm-none-eabi-9-2020-q2-update-win32/bin/../lib/gcc/arm-none-eabi/9.3.1/thumb/v7e-m/nofp\libgcc.a(_arm_addsubdf3.o)
 .debug_frame   0x00001d20       0x50 c:/users/wyx12/documents/environment/gcc-arm-none-eabi-9-2020-q2-update-win32/bin/../lib/gcc/arm-none-eabi/9.3.1/thumb/v7e-m/nofp\libgcc.a(_arm_muldivdf3.o)
 .debug_frame   0x00001d70       0xc4 c:/users/wyx12/documents/environment/gcc-arm-none-eabi-9-2020-q2-update-win32/bin/../lib/gcc/arm-none-eabi/9.3.1/thumb/v7e-m/nofp\libgcc.a(_arm_cmpdf2.o)
 .debug_frame   0x00001e34       0x24 c:/users/wyx12/documents/environment/gcc-arm-none-eabi-9-2020-q2-update-win32/bin/../lib/gcc/arm-none-eabi/9.3.1/thumb/v7e-m/nofp\libgcc.a(_arm_fixunsdfsi.o)
 .debug_frame   0x00001e58       0x24 c:/users/wyx12/documents/environment/gcc-arm-none-eabi-9-2020-q2-update-win32/bin/../lib/gcc/arm-none-eabi/9.3.1/thumb/v7e-m/nofp\libgcc.a(_arm_truncdfsf2.o)
 .debug_frame   0x00001e7c       0x2c c:/users/wyx12/documents/environment/gcc-arm-none-eabi-9-2020-q2-update-win32/bin/../lib/gcc/arm-none-eabi/9.3.1/thumb/v7e-m/nofp\libgcc.a(_fixunsdfdi.o)
 .debug_frame   0x00001ea8       0x2c c:/users/wyx12/documents/environment/gcc-arm-none-eabi-9-2020-q2-update-win32/bin/../lib/gcc/arm-none-eabi/9.3.1/../../../../arm-none-eabi/lib/thumb/v7e-m/nofp\libc.a(lib_a-init.o)
 .debug_frame   0x00001ed4       0x38 c:/users/wyx12/documents/environment/gcc-arm-none-eabi-9-2020-q2-update-win32/bin/../lib/gcc/arm-none-eabi/9.3.1/../../../../arm-none-eabi/lib/thumb/v7e-m/nofp\libc.a(lib_a-memset.o)
 .debug_frame   0x00001f0c       0x5c c:/users/wyx12/documents/environment/gcc-arm-none-eabi-9-2020-q2-update-win32/bin/../lib/gcc/arm-none-eabi/9.3.1/../../../../arm-none-eabi/lib/thumb/v7e-m/nofp\libc.a(lib_a-__call_atexit.o)
 .debug_frame   0x00001f68       0x20 c:/users/wyx12/documents/environment/gcc-arm-none-eabi-9-2020-q2-update-win32/bin/../lib/gcc/arm-none-eabi/9.3.1/../../../../arm-none-eabi/lib/thumb/v7e-m/nofp\libc.a(lib_a-atexit.o)
 .debug_frame   0x00001f88       0x34 c:/users/wyx12/documents/environment/gcc-arm-none-eabi-9-2020-q2-update-win32/bin/../lib/gcc/arm-none-eabi/9.3.1/../../../../arm-none-eabi/lib/thumb/v7e-m/nofp\libc.a(lib_a-fini.o)
 .debug_frame   0x00001fbc       0xb0 c:/users/wyx12/documents/environment/gcc-arm-none-eabi-9-2020-q2-update-win32/bin/../lib/gcc/arm-none-eabi/9.3.1/../../../../arm-none-eabi/lib/thumb/v7e-m/nofp\libc.a(lib_a-lock.o)
 .debug_frame   0x0000206c       0x34 c:/users/wyx12/documents/environment/gcc-arm-none-eabi-9-2020-q2-update-win32/bin/../lib/gcc/arm-none-eabi/9.3.1/../../../../arm-none-eabi/lib/thumb/v7e-m/nofp\libc.a(lib_a-__atexit.o)
